Archive member included to satisfy reference by file (symbol)

d:/clion/gcc-arm-none-eabi-10.3-2021.10/bin/../lib/gcc/arm-none-eabi/10.3.1/thumb/v7e-m+fp/hard\libgcc.a(_arm_addsubdf3.o)
                              CMakeFiles/DBUS.elf.dir/bsp/AHRS_middleware.c.obj (__aeabi_f2d)
d:/clion/gcc-arm-none-eabi-10.3-2021.10/bin/../lib/gcc/arm-none-eabi/10.3.1/thumb/v7e-m+fp/hard\libgcc.a(_arm_truncdfsf2.o)
                              CMakeFiles/DBUS.elf.dir/bsp/AHRS_middleware.c.obj (__aeabi_d2f)
d:/clion/gcc-arm-none-eabi-10.3-2021.10/bin/../lib/gcc/arm-none-eabi/10.3.1/thumb/v7e-m+fp/hard\libgcc.a(_aeabi_uldivmod.o)
                              CMakeFiles/DBUS.elf.dir/Drivers/STM32F4xx_HAL_Driver/Src/stm32f4xx_hal_rcc.c.obj (__aeabi_uldivmod)
d:/clion/gcc-arm-none-eabi-10.3-2021.10/bin/../lib/gcc/arm-none-eabi/10.3.1/thumb/v7e-m+fp/hard\libgcc.a(_udivmoddi4.o)
                              d:/clion/gcc-arm-none-eabi-10.3-2021.10/bin/../lib/gcc/arm-none-eabi/10.3.1/thumb/v7e-m+fp/hard\libgcc.a(_aeabi_uldivmod.o) (__udivmoddi4)
d:/clion/gcc-arm-none-eabi-10.3-2021.10/bin/../lib/gcc/arm-none-eabi/10.3.1/thumb/v7e-m+fp/hard\libgcc.a(_dvmd_tls.o)
                              d:/clion/gcc-arm-none-eabi-10.3-2021.10/bin/../lib/gcc/arm-none-eabi/10.3.1/thumb/v7e-m+fp/hard\libgcc.a(_aeabi_uldivmod.o) (__aeabi_ldiv0)
d:/clion/gcc-arm-none-eabi-10.3-2021.10/bin/../lib/gcc/arm-none-eabi/10.3.1/../../../../arm-none-eabi/lib/thumb/v7e-m+fp/hard\libg.a(lib_a-errno.o)
                              CMakeFiles/DBUS.elf.dir/Src/syscalls.c.obj (__errno)
d:/clion/gcc-arm-none-eabi-10.3-2021.10/bin/../lib/gcc/arm-none-eabi/10.3.1/../../../../arm-none-eabi/lib/thumb/v7e-m+fp/hard\libg.a(lib_a-exit.o)
                              d:/clion/gcc-arm-none-eabi-10.3-2021.10/bin/../lib/gcc/arm-none-eabi/10.3.1/../../../../arm-none-eabi/lib/thumb/v7e-m+fp/hard/crt0.o (exit)
d:/clion/gcc-arm-none-eabi-10.3-2021.10/bin/../lib/gcc/arm-none-eabi/10.3.1/../../../../arm-none-eabi/lib/thumb/v7e-m+fp/hard\libg.a(lib_a-impure.o)
                              d:/clion/gcc-arm-none-eabi-10.3-2021.10/bin/../lib/gcc/arm-none-eabi/10.3.1/../../../../arm-none-eabi/lib/thumb/v7e-m+fp/hard\libg.a(lib_a-exit.o) (_global_impure_ptr)
d:/clion/gcc-arm-none-eabi-10.3-2021.10/bin/../lib/gcc/arm-none-eabi/10.3.1/../../../../arm-none-eabi/lib/thumb/v7e-m+fp/hard\libg.a(lib_a-init.o)
                              d:/clion/gcc-arm-none-eabi-10.3-2021.10/bin/../lib/gcc/arm-none-eabi/10.3.1/../../../../arm-none-eabi/lib/thumb/v7e-m+fp/hard/crt0.o (__libc_init_array)
d:/clion/gcc-arm-none-eabi-10.3-2021.10/bin/../lib/gcc/arm-none-eabi/10.3.1/../../../../arm-none-eabi/lib/thumb/v7e-m+fp/hard\libg.a(lib_a-memcpy.o)
                              CMakeFiles/DBUS.elf.dir/Middlewares/Third_Party/FreeRTOS/Source/queue.c.obj (memcpy)
d:/clion/gcc-arm-none-eabi-10.3-2021.10/bin/../lib/gcc/arm-none-eabi/10.3.1/../../../../arm-none-eabi/lib/thumb/v7e-m+fp/hard\libg.a(lib_a-memset.o)
                              d:/clion/gcc-arm-none-eabi-10.3-2021.10/bin/../lib/gcc/arm-none-eabi/10.3.1/../../../../arm-none-eabi/lib/thumb/v7e-m+fp/hard/crt0.o (memset)
d:/clion/gcc-arm-none-eabi-10.3-2021.10/bin/../lib/gcc/arm-none-eabi/10.3.1/../../../../arm-none-eabi/lib/thumb/v7e-m+fp/hard\libg.a(lib_a-strlen.o)
                              CMakeFiles/DBUS.elf.dir/Middlewares/Third_Party/FreeRTOS/Source/tasks.c.obj (strlen)
d:/clion/gcc-arm-none-eabi-10.3-2021.10/bin/../lib/gcc/arm-none-eabi/10.3.1/../../../../arm-none-eabi/lib/thumb/v7e-m+fp/hard\libg.a(lib_a-__call_atexit.o)
                              d:/clion/gcc-arm-none-eabi-10.3-2021.10/bin/../lib/gcc/arm-none-eabi/10.3.1/../../../../arm-none-eabi/lib/thumb/v7e-m+fp/hard\libg.a(lib_a-exit.o) (__call_exitprocs)
d:/clion/gcc-arm-none-eabi-10.3-2021.10/bin/../lib/gcc/arm-none-eabi/10.3.1/../../../../arm-none-eabi/lib/thumb/v7e-m+fp/hard\libg.a(lib_a-atexit.o)
                              d:/clion/gcc-arm-none-eabi-10.3-2021.10/bin/../lib/gcc/arm-none-eabi/10.3.1/../../../../arm-none-eabi/lib/thumb/v7e-m+fp/hard\libg.a(lib_a-__call_atexit.o) (atexit)
d:/clion/gcc-arm-none-eabi-10.3-2021.10/bin/../lib/gcc/arm-none-eabi/10.3.1/../../../../arm-none-eabi/lib/thumb/v7e-m+fp/hard\libg.a(lib_a-fini.o)
                              d:/clion/gcc-arm-none-eabi-10.3-2021.10/bin/../lib/gcc/arm-none-eabi/10.3.1/../../../../arm-none-eabi/lib/thumb/v7e-m+fp/hard\libg.a(lib_a-__call_atexit.o) (__libc_fini_array)
d:/clion/gcc-arm-none-eabi-10.3-2021.10/bin/../lib/gcc/arm-none-eabi/10.3.1/../../../../arm-none-eabi/lib/thumb/v7e-m+fp/hard\libg.a(lib_a-lock.o)
                              d:/clion/gcc-arm-none-eabi-10.3-2021.10/bin/../lib/gcc/arm-none-eabi/10.3.1/../../../../arm-none-eabi/lib/thumb/v7e-m+fp/hard\libg.a(lib_a-__call_atexit.o) (__retarget_lock_acquire_recursive)
d:/clion/gcc-arm-none-eabi-10.3-2021.10/bin/../lib/gcc/arm-none-eabi/10.3.1/../../../../arm-none-eabi/lib/thumb/v7e-m+fp/hard\libg.a(lib_a-__atexit.o)
[...]
Memory Configuration

Name             Origin             Length             Attributes
RAM              0x20000000         0x00020000         xrw
CCMRAM           0x10000000         0x00010000         xrw
FLASH            0x08000000         0x00100000         xr
*default*        0x00000000         0xffffffff

Linker script and memory map

LOAD d:/clion/gcc-arm-none-eabi-10.3-2021.10/bin/../lib/gcc/arm-none-eabi/10.3.1/thumb/v7e-m+fp/hard/crti.o
LOAD d:/clion/gcc-arm-none-eabi-10.3-2021.10/bin/../lib/gcc/arm-none-eabi/10.3.1/thumb/v7e-m+fp/hard/crtbegin.o
LOAD d:/clion/gcc-arm-none-eabi-10.3-2021.10/bin/../lib/gcc/arm-none-eabi/10.3.1/../../../../arm-none-eabi/lib/thumb/v7e-m+fp/hard/crt0.o
LOAD CMakeFiles/DBUS.elf.dir/Drivers/STM32F4xx_HAL_Driver/Src/stm32f4xx_hal.c.obj
LOAD CMakeFiles/DBUS.elf.dir/Drivers/STM32F4xx_HAL_Driver/Src/stm32f4xx_hal_can.c.obj
LOAD CMakeFiles/DBUS.elf.dir/Drivers/STM32F4xx_HAL_Driver/Src/stm32f4xx_hal_cortex.c.obj
LOAD CMakeFiles/DBUS.elf.dir/Drivers/STM32F4xx_HAL_Driver/Src/stm32f4xx_hal_dma.c.obj
LOAD CMakeFiles/DBUS.elf.dir/Drivers/STM32F4xx_HAL_Driver/Src/stm32f4xx_hal_dma_ex.c.obj
LOAD CMakeFiles/DBUS.elf.dir/Drivers/STM32F4xx_HAL_Driver/Src/stm32f4xx_hal_exti.c.obj
LOAD CMakeFiles/DBUS.elf.dir/Drivers/STM32F4xx_HAL_Driver/Src/stm32f4xx_hal_flash.c.obj
LOAD CMakeFiles/DBUS.elf.dir/Drivers/STM32F4xx_HAL_Driver/Src/stm32f4xx_hal_flash_ex.c.obj
LOAD CMakeFiles/DBUS.elf.dir/Drivers/STM32F4xx_HAL_Driver/Src/stm32f4xx_hal_flash_ramfunc.c.obj
LOAD CMakeFiles/DBUS.elf.dir/Drivers/STM32F4xx_HAL_Driver/Src/stm32f4xx_hal_gpio.c.obj
LOAD CMakeFiles/DBUS.elf.dir/Drivers/STM32F4xx_HAL_Driver/Src/stm32f4xx_hal_i2c.c.obj
LOAD CMakeFiles/DBUS.elf.dir/Drivers/STM32F4xx_HAL_Driver/Src/stm32f4xx_hal_i2c_ex.c.obj
LOAD CMakeFiles/DBUS.elf.dir/Drivers/STM32F4xx_HAL_Driver/Src/stm32f4xx_hal_pwr.c.obj
LOAD CMakeFiles/DBUS.elf.dir/Drivers/STM32F4xx_HAL_Driver/Src/stm32f4xx_hal_pwr_ex.c.obj
LOAD CMakeFiles/DBUS.elf.dir/Drivers/STM32F4xx_HAL_Driver/Src/stm32f4xx_hal_rcc.c.obj
LOAD CMakeFiles/DBUS.elf.dir/Drivers/STM32F4xx_HAL_Driver/Src/stm32f4xx_hal_rcc_ex.c.obj
LOAD CMakeFiles/DBUS.elf.dir/Drivers/STM32F4xx_HAL_Driver/Src/stm32f4xx_hal_spi.c.obj
LOAD CMakeFiles/DBUS.elf.dir/Drivers/STM32F4xx_HAL_Driver/Src/stm32f4xx_hal_tim.c.obj
LOAD CMakeFiles/DBUS.elf.dir/Drivers/STM32F4xx_HAL_Driver/Src/stm32f4xx_hal_tim_ex.c.obj
LOAD CMakeFiles/DBUS.elf.dir/Drivers/STM32F4xx_HAL_Driver/Src/stm32f4xx_hal_uart.c.obj
LOAD CMakeFiles/DBUS.elf.dir/Middlewares/Third_Party/FreeRTOS/Source/CMSIS_RTOS/cmsis_os.c.obj
LOAD CMakeFiles/DBUS.elf.dir/Middlewares/Third_Party/FreeRTOS/Source/croutine.c.obj
LOAD CMakeFiles/DBUS.elf.dir/Middlewares/Third_Party/FreeRTOS/Source/event_groups.c.obj
LOAD CMakeFiles/DBUS.elf.dir/Middlewares/Third_Party/FreeRTOS/Source/list.c.obj
LOAD CMakeFiles/DBUS.elf.dir/Middlewares/Third_Party/FreeRTOS/Source/portable/GCC/ARM_CM4F/port.c.obj
LOAD CMakeFiles/DBUS.elf.dir/Middlewares/Third_Party/FreeRTOS/Source/portable/MemMang/heap_4.c.obj
LOAD CMakeFiles/DBUS.elf.dir/Middlewares/Third_Party/FreeRTOS/Source/queue.c.obj
LOAD CMakeFiles/DBUS.elf.dir/Middlewares/Third_Party/FreeRTOS/Source/stream_buffer.c.obj
LOAD CMakeFiles/DBUS.elf.dir/Middlewares/Third_Party/FreeRTOS/Source/tasks.c.obj
LOAD CMakeFiles/DBUS.elf.dir/Middlewares/Third_Party/FreeRTOS/Source/timers.c.obj
LOAD CMakeFiles/DBUS.elf.dir/Src/can.c.obj
LOAD CMakeFiles/DBUS.elf.dir/Src/dma.c.obj
LOAD CMakeFiles/DBUS.elf.dir/Src/freertos.c.obj
LOAD CMakeFiles/DBUS.elf.dir/Src/gpio.c.obj
LOAD CMakeFiles/DBUS.elf.dir/Src/i2c.c.obj
LOAD CMakeFiles/DBUS.elf.dir/Src/main.c.obj
LOAD CMakeFiles/DBUS.elf.dir/Src/spi.c.obj
LOAD CMakeFiles/DBUS.elf.dir/Src/stm32f4xx_hal_msp.c.obj
LOAD CMakeFiles/DBUS.elf.dir/Src/stm32f4xx_hal_timebase_tim.c.obj
LOAD CMakeFiles/DBUS.elf.dir/Src/stm32f4xx_it.c.obj
LOAD CMakeFiles/DBUS.elf.dir/Src/syscalls.c.obj
LOAD CMakeFiles/DBUS.elf.dir/Src/system_stm32f4xx.c.obj
LOAD CMakeFiles/DBUS.elf.dir/Src/tim.c.obj
LOAD CMakeFiles/DBUS.elf.dir/Src/usart.c.obj
LOAD CMakeFiles/DBUS.elf.dir/application/CAN_receive.c.obj
LOAD CMakeFiles/DBUS.elf.dir/application/INS_task.c.obj
LOAD CMakeFiles/DBUS.elf.dir/application/chassis_behaviour.c.obj
LOAD CMakeFiles/DBUS.elf.dir/application/chassis_task.c.obj
LOAD CMakeFiles/DBUS.elf.dir/application/pid.c.obj
LOAD CMakeFiles/DBUS.elf.dir/application/remote_control.c.obj
LOAD CMakeFiles/DBUS.elf.dir/application/user_lib.c.obj
LOAD CMakeFiles/DBUS.elf.dir/bsp/AHRS_middleware.c.obj
LOAD CMakeFiles/DBUS.elf.dir/bsp/BMI088Middleware.c.obj
LOAD CMakeFiles/DBUS.elf.dir/bsp/BMI088driver.c.obj
LOAD CMakeFiles/DBUS.elf.dir/bsp/MahonyAHRS.c.obj
LOAD CMakeFiles/DBUS.elf.dir/bsp/bsp_can.c.obj
LOAD CMakeFiles/DBUS.elf.dir/bsp/bsp_delay.c.obj
LOAD CMakeFiles/DBUS.elf.dir/bsp/bsp_imu_pwm.c.obj
LOAD CMakeFiles/DBUS.elf.dir/bsp/bsp_rc.c.obj
LOAD CMakeFiles/DBUS.elf.dir/bsp/bsp_spi.c.obj
LOAD CMakeFiles/DBUS.elf.dir/bsp/ist8310driver.c.obj
LOAD CMakeFiles/DBUS.elf.dir/bsp/ist8310driver_middleware.c.obj
LOAD CMakeFiles/DBUS.elf.dir/startup/startup_stm32f407xx.s.obj
START GROUP
LOAD d:/clion/gcc-arm-none-eabi-10.3-2021.10/bin/../lib/gcc/arm-none-eabi/10.3.1/thumb/v7e-m+fp/hard\libgcc.a
LOAD d:/clion/gcc-arm-none-eabi-10.3-2021.10/bin/../lib/gcc/arm-none-eabi/10.3.1/../../../../arm-none-eabi/lib/thumb/v7e-m+fp/hard\libg.a
LOAD d:/clion/gcc-arm-none-eabi-10.3-2021.10/bin/../lib/gcc/arm-none-eabi/10.3.1/../../../../arm-none-eabi/lib/thumb/v7e-m+fp/hard\libc.a
END GROUP
LOAD d:/clion/gcc-arm-none-eabi-10.3-2021.10/bin/../lib/gcc/arm-none-eabi/10.3.1/thumb/v7e-m+fp/hard/crtend.o
LOAD d:/clion/gcc-arm-none-eabi-10.3-2021.10/bin/../lib/gcc/arm-none-eabi/10.3.1/thumb/v7e-m+fp/hard/crtn.o
                0x20020000                _estack = 0x20020000
                0x00002000                _Min_Heap_Size = 0x2000
                0x00002000                _Min_Stack_Size = 0x2000

.isr_vector     0x08000000      0x188
                0x08000000                . = ALIGN (0x4)
 *(.isr_vector)
 .isr_vector    0x08000000      0x188 CMakeFiles/DBUS.elf.dir/startup/startup_stm32f407xx.s.obj
                0x08000000                g_pfnVectors
                0x08000188                . = ALIGN (0x4)

.text           0x080001c0     0x9548
                0x080001c0                . = ALIGN (0x4)
 *(.text)
 .text          0x080001c0       0x40 d:/clion/gcc-arm-none-eabi-10.3-2021.10/bin/../lib/gcc/arm-none-eabi/10.3.1/thumb/v7e-m+fp/hard/crtbegin.o
 .text          0x08000200       0x30 d:/clion/gcc-arm-none-eabi-10.3-2021.10/bin/../lib/gcc/arm-none-eabi/10.3.1/thumb/v7e-m+fp/hard\libgcc.a(_aeabi_uldivmod.o)
                0x08000200                __aeabi_uldivmod
 .text          0x08000230      0x2d0 d:/clion/gcc-arm-none-eabi-10.3-2021.10/bin/../lib/gcc/arm-none-eabi/10.3.1/thumb/v7e-m+fp/hard\libgcc.a(_udivmoddi4.o)
                0x08000230                __udivmoddi4
 .text          0x08000500        0x4 d:/clion/gcc-arm-none-eabi-10.3-2021.10/bin/../lib/gcc/arm-none-eabi/10.3.1/thumb/v7e-m+fp/hard\libgcc.a(_dvmd_tls.o)
                0x08000500                __aeabi_idiv0
                0x08000500                __aeabi_ldiv0
 *fill*         0x08000504       0x3c 
 .text          0x08000540       0xdc d:/clion/gcc-arm-none-eabi-10.3-2021.10/bin/../lib/gcc/arm-none-eabi/10.3.1/../../../../arm-none-eabi/lib/thumb/v7e-m+fp/hard\libg.a(lib_a-strlen.o)
                0x08000540                strlen
 *(.text*)
 .text.HAL_Init
                0x0800061c       0x34 CMakeFiles/DBUS.elf.dir/Drivers/STM32F4xx_HAL_Driver/Src/stm32f4xx_hal.c.obj
                0x0800061c                HAL_Init
 .text.HAL_IncTick
                0x08000650       0x18 CMakeFiles/DBUS.elf.dir/Drivers/STM32F4xx_HAL_Driver/Src/stm32f4xx_hal.c.obj
                0x08000650                HAL_IncTick
 .text.HAL_GetTick
                0x08000668        0xc CMakeFiles/DBUS.elf.dir/Drivers/STM32F4xx_HAL_Driver/Src/stm32f4xx_hal.c.obj
                0x08000668                HAL_GetTick
 .text.HAL_CAN_Init
                0x08000674      0x14c CMakeFiles/DBUS.elf.dir/Drivers/STM32F4xx_HAL_Driver/Src/stm32f4xx_hal_can.c.obj
                0x08000674                HAL_CAN_Init
 .text.HAL_CAN_ConfigFilter
                0x080007c0      0x138 CMakeFiles/DBUS.elf.dir/Drivers/STM32F4xx_HAL_Driver/Src/stm32f4xx_hal_can.c.obj
                0x080007c0                HAL_CAN_ConfigFilter
 .text.HAL_CAN_Start
                0x080008f8       0x5c CMakeFiles/DBUS.elf.dir/Drivers/STM32F4xx_HAL_Driver/Src/stm32f4xx_hal_can.c.obj
                0x080008f8                HAL_CAN_Start
 .text.HAL_CAN_AddTxMessage
                0x08000954       0xfc CMakeFiles/DBUS.elf.dir/Drivers/STM32F4xx_HAL_Driver/Src/stm32f4xx_hal_can.c.obj
                0x08000954                HAL_CAN_AddTxMessage
 .text.HAL_CAN_GetRxMessage
                0x08000a50      0x14a CMakeFiles/DBUS.elf.dir/Drivers/STM32F4xx_HAL_Driver/Src/stm32f4xx_hal_can.c.obj
                0x08000a50                HAL_CAN_GetRxMessage
 .text.HAL_CAN_ActivateNotification
                0x08000b9a       0x24 CMakeFiles/DBUS.elf.dir/Drivers/STM32F4xx_HAL_Driver/Src/stm32f4xx_hal_can.c.obj
                0x08000b9a                HAL_CAN_ActivateNotification
 .text.HAL_CAN_TxMailbox0CompleteCallback
                0x08000bbe        0x2 CMakeFiles/DBUS.elf.dir/Drivers/STM32F4xx_HAL_Driver/Src/stm32f4xx_hal_can.c.obj
                0x08000bbe                HAL_CAN_TxMailbox0CompleteCallback
 .text.HAL_CAN_TxMailbox1CompleteCallback
                0x08000bc0        0x2 CMakeFiles/DBUS.elf.dir/Drivers/STM32F4xx_HAL_Driver/Src/stm32f4xx_hal_can.c.obj
                0x08000bc0                HAL_CAN_TxMailbox1CompleteCallback
 .text.HAL_CAN_TxMailbox2CompleteCallback
                0x08000bc2        0x2 CMakeFiles/DBUS.elf.dir/Drivers/STM32F4xx_HAL_Driver/Src/stm32f4xx_hal_can.c.obj
                0x08000bc2                HAL_CAN_TxMailbox2CompleteCallback
 .text.HAL_CAN_TxMailbox0AbortCallback
                0x08000bc4        0x2 CMakeFiles/DBUS.elf.dir/Drivers/STM32F4xx_HAL_Driver/Src/stm32f4xx_hal_can.c.obj
                0x08000bc4                HAL_CAN_TxMailbox0AbortCallback
 .text.HAL_CAN_TxMailbox1AbortCallback
                0x08000bc6        0x2 CMakeFiles/DBUS.elf.dir/Drivers/STM32F4xx_HAL_Driver/Src/stm32f4xx_hal_can.c.obj
                0x08000bc6                HAL_CAN_TxMailbox1AbortCallback
 .text.HAL_CAN_TxMailbox2AbortCallback
                0x08000bc8        0x2 CMakeFiles/DBUS.elf.dir/Drivers/STM32F4xx_HAL_Driver/Src/stm32f4xx_hal_can.c.obj
                0x08000bc8                HAL_CAN_TxMailbox2AbortCallback
 .text.HAL_CAN_RxFifo0FullCallback
                0x08000bca        0x2 CMakeFiles/DBUS.elf.dir/Drivers/STM32F4xx_HAL_Driver/Src/stm32f4xx_hal_can.c.obj
                0x08000bca                HAL_CAN_RxFifo0FullCallback
 .text.HAL_CAN_RxFifo1MsgPendingCallback
                0x08000bcc        0x2 CMakeFiles/DBUS.elf.dir/Drivers/STM32F4xx_HAL_Driver/Src/stm32f4xx_hal_can.c.obj
                0x08000bcc                HAL_CAN_RxFifo1MsgPendingCallback
 .text.HAL_CAN_RxFifo1FullCallback
                0x08000bce        0x2 CMakeFiles/DBUS.elf.dir/Drivers/STM32F4xx_HAL_Driver/Src/stm32f4xx_hal_can.c.obj
                0x08000bce                HAL_CAN_RxFifo1FullCallback
 .text.HAL_CAN_SleepCallback
                0x08000bd0        0x2 CMakeFiles/DBUS.elf.dir/Drivers/STM32F4xx_HAL_Driver/Src/stm32f4xx_hal_can.c.obj
                0x08000bd0                HAL_CAN_SleepCallback
 .text.HAL_CAN_WakeUpFromRxMsgCallback
                0x08000bd2        0x2 CMakeFiles/DBUS.elf.dir/Drivers/STM32F4xx_HAL_Driver/Src/stm32f4xx_hal_can.c.obj
                0x08000bd2                HAL_CAN_WakeUpFromRxMsgCallback
 .text.HAL_CAN_ErrorCallback
                0x08000bd4        0x2 CMakeFiles/DBUS.elf.dir/Drivers/STM32F4xx_HAL_Driver/Src/stm32f4xx_hal_can.c.obj
                0x08000bd4                HAL_CAN_ErrorCallback
 .text.HAL_CAN_IRQHandler
                0x08000bd6      0x24a CMakeFiles/DBUS.elf.dir/Drivers/STM32F4xx_HAL_Driver/Src/stm32f4xx_hal_can.c.obj
                0x08000bd6                HAL_CAN_IRQHandler
 .text.HAL_NVIC_SetPriorityGrouping
                0x08000e20       0x24 CMakeFiles/DBUS.elf.dir/Drivers/STM32F4xx_HAL_Driver/Src/stm32f4xx_hal_cortex.c.obj
                0x08000e20                HAL_NVIC_SetPriorityGrouping
 .text.HAL_NVIC_SetPriority
                0x08000e44       0x70 CMakeFiles/DBUS.elf.dir/Drivers/STM32F4xx_HAL_Driver/Src/stm32f4xx_hal_cortex.c.obj
                0x08000e44                HAL_NVIC_SetPriority
 .text.HAL_NVIC_EnableIRQ
                0x08000eb4       0x1c CMakeFiles/DBUS.elf.dir/Drivers/STM32F4xx_HAL_Driver/Src/stm32f4xx_hal_cortex.c.obj
                0x08000eb4                HAL_NVIC_EnableIRQ
 .text.DMA_CalcBaseAndBitshift
                0x08000ed0       0x44 CMakeFiles/DBUS.elf.dir/Drivers/STM32F4xx_HAL_Driver/Src/stm32f4xx_hal_dma.c.obj
 .text.DMA_CheckFifoParam
                0x08000f14       0x8e CMakeFiles/DBUS.elf.dir/Drivers/STM32F4xx_HAL_Driver/Src/stm32f4xx_hal_dma.c.obj
 *fill*         0x08000fa2        0x2 
 .text.HAL_DMA_Init
                0x08000fa4       0xcc CMakeFiles/DBUS.elf.dir/Drivers/STM32F4xx_HAL_Driver/Src/stm32f4xx_hal_dma.c.obj
                0x08000fa4                HAL_DMA_Init
 .text.HAL_GPIO_Init
                0x08001070      0x1d0 CMakeFiles/DBUS.elf.dir/Drivers/STM32F4xx_HAL_Driver/Src/stm32f4xx_hal_gpio.c.obj
                0x08001070                HAL_GPIO_Init
 .text.HAL_GPIO_WritePin
                0x08001240        0xc CMakeFiles/DBUS.elf.dir/Drivers/STM32F4xx_HAL_Driver/Src/stm32f4xx_hal_gpio.c.obj
                0x08001240                HAL_GPIO_WritePin
 .text.HAL_GPIO_EXTI_IRQHandler
                0x0800124c       0x1c CMakeFiles/DBUS.elf.dir/Drivers/STM32F4xx_HAL_Driver/Src/stm32f4xx_hal_gpio.c.obj
                0x0800124c                HAL_GPIO_EXTI_IRQHandler
 .text.I2C_IsAcknowledgeFailed
                0x08001268       0x32 CMakeFiles/DBUS.elf.dir/Drivers/STM32F4xx_HAL_Driver/Src/stm32f4xx_hal_i2c.c.obj
 .text.I2C_WaitOnFlagUntilTimeout
                0x0800129a       0x7c CMakeFiles/DBUS.elf.dir/Drivers/STM32F4xx_HAL_Driver/Src/stm32f4xx_hal_i2c.c.obj
 .text.I2C_WaitOnMasterAddressFlagUntilTimeout
                0x08001316       0xaa CMakeFiles/DBUS.elf.dir/Drivers/STM32F4xx_HAL_Driver/Src/stm32f4xx_hal_i2c.c.obj
 .text.I2C_WaitOnTXEFlagUntilTimeout
                0x080013c0       0x54 CMakeFiles/DBUS.elf.dir/Drivers/STM32F4xx_HAL_Driver/Src/stm32f4xx_hal_i2c.c.obj
 .text.I2C_RequestMemoryWrite
                0x08001414       0xd8 CMakeFiles/DBUS.elf.dir/Drivers/STM32F4xx_HAL_Driver/Src/stm32f4xx_hal_i2c.c.obj
 .text.I2C_RequestMemoryRead
                0x080014ec      0x154 CMakeFiles/DBUS.elf.dir/Drivers/STM32F4xx_HAL_Driver/Src/stm32f4xx_hal_i2c.c.obj
 .text.I2C_WaitOnBTFFlagUntilTimeout
                0x08001640       0x54 CMakeFiles/DBUS.elf.dir/Drivers/STM32F4xx_HAL_Driver/Src/stm32f4xx_hal_i2c.c.obj
 .text.I2C_WaitOnRXNEFlagUntilTimeout
                0x08001694       0x6a CMakeFiles/DBUS.elf.dir/Drivers/STM32F4xx_HAL_Driver/Src/stm32f4xx_hal_i2c.c.obj
 *fill*         0x080016fe        0x2 
 .text.HAL_I2C_Init
                0x08001700      0x1bc CMakeFiles/DBUS.elf.dir/Drivers/STM32F4xx_HAL_Driver/Src/stm32f4xx_hal_i2c.c.obj
                0x08001700                HAL_I2C_Init
 .text.HAL_I2C_Mem_Write
                0x080018bc      0x164 CMakeFiles/DBUS.elf.dir/Drivers/STM32F4xx_HAL_Driver/Src/stm32f4xx_hal_i2c.c.obj
                0x080018bc                HAL_I2C_Mem_Write
 .text.HAL_I2C_Mem_Read
                0x08001a20      0x2e4 CMakeFiles/DBUS.elf.dir/Drivers/STM32F4xx_HAL_Driver/Src/stm32f4xx_hal_i2c.c.obj
                0x08001a20                HAL_I2C_Mem_Read
 .text.HAL_RCC_OscConfig
                0x08001d04      0x3ec CMakeFiles/DBUS.elf.dir/Drivers/STM32F4xx_HAL_Driver/Src/stm32f4xx_hal_rcc.c.obj
                0x08001d04                HAL_RCC_OscConfig
 .text.HAL_RCC_GetSysClockFreq
                0x080020f0       0xa4 CMakeFiles/DBUS.elf.dir/Drivers/STM32F4xx_HAL_Driver/Src/stm32f4xx_hal_rcc.c.obj
                0x080020f0                HAL_RCC_GetSysClockFreq
 .text.HAL_RCC_ClockConfig
                0x08002194      0x160 CMakeFiles/DBUS.elf.dir/Drivers/STM32F4xx_HAL_Driver/Src/stm32f4xx_hal_rcc.c.obj
                0x08002194                HAL_RCC_ClockConfig
 .text.HAL_RCC_GetHCLKFreq
                0x080022f4        0xc CMakeFiles/DBUS.elf.dir/Drivers/STM32F4xx_HAL_Driver/Src/stm32f4xx_hal_rcc.c.obj
                0x080022f4                HAL_RCC_GetHCLKFreq
 .text.HAL_RCC_GetPCLK1Freq
                0x08002300       0x20 CMakeFiles/DBUS.elf.dir/Drivers/STM32F4xx_HAL_Driver/Src/stm32f4xx_hal_rcc.c.obj
                0x08002300                HAL_RCC_GetPCLK1Freq
 .text.HAL_RCC_GetPCLK2Freq
                0x08002320       0x20 CMakeFiles/DBUS.elf.dir/Drivers/STM32F4xx_HAL_Driver/Src/stm32f4xx_hal_rcc.c.obj
                0x08002320                HAL_RCC_GetPCLK2Freq
 .text.HAL_RCC_GetClockConfig
                0x08002340       0x3c CMakeFiles/DBUS.elf.dir/Drivers/STM32F4xx_HAL_Driver/Src/stm32f4xx_hal_rcc.c.obj
                0x08002340                HAL_RCC_GetClockConfig
 .text.SPI_WaitFlagStateUntilTimeout
                0x0800237c       0x98 CMakeFiles/DBUS.elf.dir/Drivers/STM32F4xx_HAL_Driver/Src/stm32f4xx_hal_spi.c.obj
 .text.SPI_EndRxTxTransaction
                0x08002414       0x68 CMakeFiles/DBUS.elf.dir/Drivers/STM32F4xx_HAL_Driver/Src/stm32f4xx_hal_spi.c.obj
 .text.HAL_SPI_Init
                0x0800247c       0x80 CMakeFiles/DBUS.elf.dir/Drivers/STM32F4xx_HAL_Driver/Src/stm32f4xx_hal_spi.c.obj
                0x0800247c                HAL_SPI_Init
 .text.HAL_SPI_TransmitReceive
                0x080024fc      0x238 CMakeFiles/DBUS.elf.dir/Drivers/STM32F4xx_HAL_Driver/Src/stm32f4xx_hal_spi.c.obj
                0x080024fc                HAL_SPI_TransmitReceive
 .text.TIM_OC1_SetConfig
                0x08002734       0x68 CMakeFiles/DBUS.elf.dir/Drivers/STM32F4xx_HAL_Driver/Src/stm32f4xx_hal_tim.c.obj
 .text.TIM_OC3_SetConfig
                0x0800279c       0x70 CMakeFiles/DBUS.elf.dir/Drivers/STM32F4xx_HAL_Driver/Src/stm32f4xx_hal_tim.c.obj
 .text.TIM_OC4_SetConfig
                0x0800280c       0x50 CMakeFiles/DBUS.elf.dir/Drivers/STM32F4xx_HAL_Driver/Src/stm32f4xx_hal_tim.c.obj
 .text.TIM_TI1_ConfigInputStage
                0x0800285c       0x26 CMakeFiles/DBUS.elf.dir/Drivers/STM32F4xx_HAL_Driver/Src/stm32f4xx_hal_tim.c.obj
 .text.TIM_TI2_ConfigInputStage
                0x08002882       0x28 CMakeFiles/DBUS.elf.dir/Drivers/STM32F4xx_HAL_Driver/Src/stm32f4xx_hal_tim.c.obj
 .text.TIM_ITRx_SetConfig
                0x080028aa       0x10 CMakeFiles/DBUS.elf.dir/Drivers/STM32F4xx_HAL_Driver/Src/stm32f4xx_hal_tim.c.obj
 .text.HAL_TIM_Base_Start
                0x080028ba       0x24 CMakeFiles/DBUS.elf.dir/Drivers/STM32F4xx_HAL_Driver/Src/stm32f4xx_hal_tim.c.obj
                0x080028ba                HAL_TIM_Base_Start
 .text.HAL_TIM_Base_Start_IT
                0x080028de       0x22 CMakeFiles/DBUS.elf.dir/Drivers/STM32F4xx_HAL_Driver/Src/stm32f4xx_hal_tim.c.obj
                0x080028de                HAL_TIM_Base_Start_IT
 .text.HAL_TIM_PWM_MspInit
                0x08002900        0x2 CMakeFiles/DBUS.elf.dir/Drivers/STM32F4xx_HAL_Driver/Src/stm32f4xx_hal_tim.c.obj
                0x08002900                HAL_TIM_PWM_MspInit
 .text.HAL_TIM_OC_DelayElapsedCallback
                0x08002902        0x2 CMakeFiles/DBUS.elf.dir/Drivers/STM32F4xx_HAL_Driver/Src/stm32f4xx_hal_tim.c.obj
                0x08002902                HAL_TIM_OC_DelayElapsedCallback
 .text.HAL_TIM_IC_CaptureCallback
                0x08002904        0x2 CMakeFiles/DBUS.elf.dir/Drivers/STM32F4xx_HAL_Driver/Src/stm32f4xx_hal_tim.c.obj
                0x08002904                HAL_TIM_IC_CaptureCallback
 .text.HAL_TIM_PWM_PulseFinishedCallback
                0x08002906        0x2 CMakeFiles/DBUS.elf.dir/Drivers/STM32F4xx_HAL_Driver/Src/stm32f4xx_hal_tim.c.obj
                0x08002906                HAL_TIM_PWM_PulseFinishedCallback
 .text.HAL_TIM_TriggerCallback
                0x08002908        0x2 CMakeFiles/DBUS.elf.dir/Drivers/STM32F4xx_HAL_Driver/Src/stm32f4xx_hal_tim.c.obj
                0x08002908                HAL_TIM_TriggerCallback
 .text.HAL_TIM_IRQHandler
                0x0800290a      0x17a CMakeFiles/DBUS.elf.dir/Drivers/STM32F4xx_HAL_Driver/Src/stm32f4xx_hal_tim.c.obj
                0x0800290a                HAL_TIM_IRQHandler
 .text.TIM_Base_SetConfig
                0x08002a84       0xc8 CMakeFiles/DBUS.elf.dir/Drivers/STM32F4xx_HAL_Driver/Src/stm32f4xx_hal_tim.c.obj
                0x08002a84                TIM_Base_SetConfig
 .text.HAL_TIM_Base_Init
                0x08002b4c       0x34 CMakeFiles/DBUS.elf.dir/Drivers/STM32F4xx_HAL_Driver/Src/stm32f4xx_hal_tim.c.obj
                0x08002b4c                HAL_TIM_Base_Init
 .text.HAL_TIM_PWM_Init
                0x08002b80       0x34 CMakeFiles/DBUS.elf.dir/Drivers/STM32F4xx_HAL_Driver/Src/stm32f4xx_hal_tim.c.obj
                0x08002b80                HAL_TIM_PWM_Init
 .text.TIM_OC2_SetConfig
                0x08002bb4       0x70 CMakeFiles/DBUS.elf.dir/Drivers/STM32F4xx_HAL_Driver/Src/stm32f4xx_hal_tim.c.obj
                0x08002bb4                TIM_OC2_SetConfig
 .text.HAL_TIM_PWM_ConfigChannel
                0x08002c24       0xdc CMakeFiles/DBUS.elf.dir/Drivers/STM32F4xx_HAL_Driver/Src/stm32f4xx_hal_tim.c.obj
                0x08002c24                HAL_TIM_PWM_ConfigChannel
 .text.TIM_ETR_SetConfig
                0x08002d00       0x1a CMakeFiles/DBUS.elf.dir/Drivers/STM32F4xx_HAL_Driver/Src/stm32f4xx_hal_tim.c.obj
                0x08002d00                TIM_ETR_SetConfig
 .text.HAL_TIM_ConfigClockSource
                0x08002d1a       0xda CMakeFiles/DBUS.elf.dir/Drivers/STM32F4xx_HAL_Driver/Src/stm32f4xx_hal_tim.c.obj
                0x08002d1a                HAL_TIM_ConfigClockSource
 .text.TIM_CCxChannelCmd
                0x08002df4       0x1e CMakeFiles/DBUS.elf.dir/Drivers/STM32F4xx_HAL_Driver/Src/stm32f4xx_hal_tim.c.obj
                0x08002df4                TIM_CCxChannelCmd
 *fill*         0x08002e12        0x2 
 .text.HAL_TIM_PWM_Start
                0x08002e14       0x40 CMakeFiles/DBUS.elf.dir/Drivers/STM32F4xx_HAL_Driver/Src/stm32f4xx_hal_tim.c.obj
                0x08002e14                HAL_TIM_PWM_Start
 .text.HAL_TIMEx_MasterConfigSynchronization
                0x08002e54       0x8c CMakeFiles/DBUS.elf.dir/Drivers/STM32F4xx_HAL_Driver/Src/stm32f4xx_hal_tim_ex.c.obj
                0x08002e54                HAL_TIMEx_MasterConfigSynchronization
 .text.HAL_TIMEx_ConfigBreakDeadTime
                0x08002ee0       0x52 CMakeFiles/DBUS.elf.dir/Drivers/STM32F4xx_HAL_Driver/Src/stm32f4xx_hal_tim_ex.c.obj
                0x08002ee0                HAL_TIMEx_ConfigBreakDeadTime
 .text.HAL_TIMEx_CommutCallback
                0x08002f32        0x2 CMakeFiles/DBUS.elf.dir/Drivers/STM32F4xx_HAL_Driver/Src/stm32f4xx_hal_tim_ex.c.obj
                0x08002f32                HAL_TIMEx_CommutCallback
 .text.HAL_TIMEx_BreakCallback
                0x08002f34        0x2 CMakeFiles/DBUS.elf.dir/Drivers/STM32F4xx_HAL_Driver/Src/stm32f4xx_hal_tim_ex.c.obj
                0x08002f34                HAL_TIMEx_BreakCallback
 *fill*         0x08002f36        0x2 
 .text.UART_SetConfig
                0x08002f38      0x1d4 CMakeFiles/DBUS.elf.dir/Drivers/STM32F4xx_HAL_Driver/Src/stm32f4xx_hal_uart.c.obj
 .text.HAL_UART_Init
                0x0800310c       0x5e CMakeFiles/DBUS.elf.dir/Drivers/STM32F4xx_HAL_Driver/Src/stm32f4xx_hal_uart.c.obj
                0x0800310c                HAL_UART_Init
 .text.makeFreeRtosPriority
                0x0800316a        0xc CMakeFiles/DBUS.elf.dir/Middlewares/Third_Party/FreeRTOS/Source/CMSIS_RTOS/cmsis_os.c.obj
 .text.osKernelStart
                0x08003176        0xa CMakeFiles/DBUS.elf.dir/Middlewares/Third_Party/FreeRTOS/Source/CMSIS_RTOS/cmsis_os.c.obj
                0x08003176                osKernelStart
 .text.osThreadCreate
                0x08003180       0x6a CMakeFiles/DBUS.elf.dir/Middlewares/Third_Party/FreeRTOS/Source/CMSIS_RTOS/cmsis_os.c.obj
                0x08003180                osThreadCreate
 .text.osDelay  0x080031ea        0xe CMakeFiles/DBUS.elf.dir/Middlewares/Third_Party/FreeRTOS/Source/CMSIS_RTOS/cmsis_os.c.obj
                0x080031ea                osDelay
 .text.vListInitialise
                0x080031f8       0x16 CMakeFiles/DBUS.elf.dir/Middlewares/Third_Party/FreeRTOS/Source/list.c.obj
                0x080031f8                vListInitialise
 .text.vListInitialiseItem
                0x0800320e        0x6 CMakeFiles/DBUS.elf.dir/Middlewares/Third_Party/FreeRTOS/Source/list.c.obj
                0x0800320e                vListInitialiseItem
 .text.vListInsertEnd
                0x08003214       0x16 CMakeFiles/DBUS.elf.dir/Middlewares/Third_Party/FreeRTOS/Source/list.c.obj
                0x08003214                vListInsertEnd
 .text.vListInsert
                0x0800322a       0x32 CMakeFiles/DBUS.elf.dir/Middlewares/Third_Party/FreeRTOS/Source/list.c.obj
                0x0800322a                vListInsert
 .text.uxListRemove
                0x0800325c       0x26 CMakeFiles/DBUS.elf.dir/Middlewares/Third_Party/FreeRTOS/Source/list.c.obj
                0x0800325c                uxListRemove
 *fill*         0x08003282        0x2 
 .text.prvTaskExitError
                0x08003284       0x40 CMakeFiles/DBUS.elf.dir/Middlewares/Third_Party/FreeRTOS/Source/portable/GCC/ARM_CM4F/port.c.obj
 .text.prvPortStartFirstTask
                0x080032c4       0x28 CMakeFiles/DBUS.elf.dir/Middlewares/Third_Party/FreeRTOS/Source/portable/GCC/ARM_CM4F/port.c.obj
 .text.vPortEnableVFP
                0x080032ec       0x14 CMakeFiles/DBUS.elf.dir/Middlewares/Third_Party/FreeRTOS/Source/portable/GCC/ARM_CM4F/port.c.obj
 .text.pxPortInitialiseStack
                0x08003300       0x2c CMakeFiles/DBUS.elf.dir/Middlewares/Third_Party/FreeRTOS/Source/portable/GCC/ARM_CM4F/port.c.obj
                0x08003300                pxPortInitialiseStack
 *fill*         0x0800332c        0x4 
 .text.SVC_Handler
                0x08003330       0x24 CMakeFiles/DBUS.elf.dir/Middlewares/Third_Party/FreeRTOS/Source/portable/GCC/ARM_CM4F/port.c.obj
                0x08003330                SVC_Handler
 .text.vPortEnterCritical
                0x08003354       0x44 CMakeFiles/DBUS.elf.dir/Middlewares/Third_Party/FreeRTOS/Source/portable/GCC/ARM_CM4F/port.c.obj
                0x08003354                vPortEnterCritical
 .text.vPortExitCritical
                0x08003398       0x2c CMakeFiles/DBUS.elf.dir/Middlewares/Third_Party/FreeRTOS/Source/portable/GCC/ARM_CM4F/port.c.obj
                0x08003398                vPortExitCritical
 *fill*         0x080033c4        0xc 
 .text.PendSV_Handler
                0x080033d0       0x64 CMakeFiles/DBUS.elf.dir/Middlewares/Third_Party/FreeRTOS/Source/portable/GCC/ARM_CM4F/port.c.obj
                0x080033d0                PendSV_Handler
 .text.SysTick_Handler
                0x08003434       0x2c CMakeFiles/DBUS.elf.dir/Middlewares/Third_Party/FreeRTOS/Source/portable/GCC/ARM_CM4F/port.c.obj
                0x08003434                SysTick_Handler
 .text.vPortSetupTimerInterrupt
                0x08003460       0x28 CMakeFiles/DBUS.elf.dir/Middlewares/Third_Party/FreeRTOS/Source/portable/GCC/ARM_CM4F/port.c.obj
                0x08003460                vPortSetupTimerInterrupt
 .text.xPortStartScheduler
                0x08003488      0x118 CMakeFiles/DBUS.elf.dir/Middlewares/Third_Party/FreeRTOS/Source/portable/GCC/ARM_CM4F/port.c.obj
                0x08003488                xPortStartScheduler
 .text.vPortValidateInterruptPriority
                0x080035a0       0x5c CMakeFiles/DBUS.elf.dir/Middlewares/Third_Party/FreeRTOS/Source/portable/GCC/ARM_CM4F/port.c.obj
                0x080035a0                vPortValidateInterruptPriority
 .text.prvHeapInit
                0x080035fc       0x64 CMakeFiles/DBUS.elf.dir/Middlewares/Third_Party/FreeRTOS/Source/portable/MemMang/heap_4.c.obj
 .text.prvInsertBlockIntoFreeList
                0x08003660       0x64 CMakeFiles/DBUS.elf.dir/Middlewares/Third_Party/FreeRTOS/Source/portable/MemMang/heap_4.c.obj
 .text.pvPortMalloc
                0x080036c4       0xf0 CMakeFiles/DBUS.elf.dir/Middlewares/Third_Party/FreeRTOS/Source/portable/MemMang/heap_4.c.obj
                0x080036c4                pvPortMalloc
 .text.vPortFree
                0x080037b4       0x70 CMakeFiles/DBUS.elf.dir/Middlewares/Third_Party/FreeRTOS/Source/portable/MemMang/heap_4.c.obj
                0x080037b4                vPortFree
 .text.prvSearchForNameWithinSingleList
                0x08003824       0x64 CMakeFiles/DBUS.elf.dir/Middlewares/Third_Party/FreeRTOS/Source/tasks.c.obj
 .text.prvTaskCheckFreeStackSpace
                0x08003888       0x14 CMakeFiles/DBUS.elf.dir/Middlewares/Third_Party/FreeRTOS/Source/tasks.c.obj
 .text.prvResetNextTaskUnblockTime
                0x0800389c       0x2c CMakeFiles/DBUS.elf.dir/Middlewares/Third_Party/FreeRTOS/Source/tasks.c.obj
 .text.prvInitialiseNewTask
                0x080038c8       0xac CMakeFiles/DBUS.elf.dir/Middlewares/Third_Party/FreeRTOS/Source/tasks.c.obj
 .text.prvInitialiseTaskLists
                0x08003974       0x68 CMakeFiles/DBUS.elf.dir/Middlewares/Third_Party/FreeRTOS/Source/tasks.c.obj
 .text.prvAddNewTaskToReadyList
                0x080039dc       0xa8 CMakeFiles/DBUS.elf.dir/Middlewares/Third_Party/FreeRTOS/Source/tasks.c.obj
 .text.prvDeleteTCB
                0x08003a84       0x38 CMakeFiles/DBUS.elf.dir/Middlewares/Third_Party/FreeRTOS/Source/tasks.c.obj
 .text.prvCheckTasksWaitingTermination
                0x08003abc       0x4c CMakeFiles/DBUS.elf.dir/Middlewares/Third_Party/FreeRTOS/Source/tasks.c.obj
 .text.prvIdleTask
                0x08003b08       0x28 CMakeFiles/DBUS.elf.dir/Middlewares/Third_Party/FreeRTOS/Source/tasks.c.obj
 .text.prvAddCurrentTaskToDelayedList
                0x08003b30       0xa0 CMakeFiles/DBUS.elf.dir/Middlewares/Third_Party/FreeRTOS/Source/tasks.c.obj
 .text.xTaskCreateStatic
                0x08003bd0       0x76 CMakeFiles/DBUS.elf.dir/Middlewares/Third_Party/FreeRTOS/Source/tasks.c.obj
                0x08003bd0                xTaskCreateStatic
 .text.xTaskCreate
                0x08003c46       0x68 CMakeFiles/DBUS.elf.dir/Middlewares/Third_Party/FreeRTOS/Source/tasks.c.obj
                0x08003c46                xTaskCreate
 *fill*         0x08003cae        0x2 
 .text.vTaskStartScheduler
                0x08003cb0       0x74 CMakeFiles/DBUS.elf.dir/Middlewares/Third_Party/FreeRTOS/Source/tasks.c.obj
                0x08003cb0                vTaskStartScheduler
 .text.vTaskSuspendAll
                0x08003d24       0x10 CMakeFiles/DBUS.elf.dir/Middlewares/Third_Party/FreeRTOS/Source/tasks.c.obj
                0x08003d24                vTaskSuspendAll
 .text.pcTaskGetName
                0x08003d34       0x28 CMakeFiles/DBUS.elf.dir/Middlewares/Third_Party/FreeRTOS/Source/tasks.c.obj
                0x08003d34                pcTaskGetName
 .text.xTaskIncrementTick
                0x08003d5c      0x118 CMakeFiles/DBUS.elf.dir/Middlewares/Third_Party/FreeRTOS/Source/tasks.c.obj
                0x08003d5c                xTaskIncrementTick
 .text.xTaskResumeAll
                0x08003e74       0xf8 CMakeFiles/DBUS.elf.dir/Middlewares/Third_Party/FreeRTOS/Source/tasks.c.obj
                0x08003e74                xTaskResumeAll
 .text.vTaskDelay
                0x08003f6c       0x4c CMakeFiles/DBUS.elf.dir/Middlewares/Third_Party/FreeRTOS/Source/tasks.c.obj
                0x08003f6c                vTaskDelay
 .text.xTaskGetHandle
                0x08003fb8       0x98 CMakeFiles/DBUS.elf.dir/Middlewares/Third_Party/FreeRTOS/Source/tasks.c.obj
                0x08003fb8                xTaskGetHandle
 .text.vTaskSwitchContext
                0x08004050       0x98 CMakeFiles/DBUS.elf.dir/Middlewares/Third_Party/FreeRTOS/Source/tasks.c.obj
                0x08004050                vTaskSwitchContext
 .text.uxTaskGetStackHighWaterMark
                0x080040e8       0x18 CMakeFiles/DBUS.elf.dir/Middlewares/Third_Party/FreeRTOS/Source/tasks.c.obj
                0x080040e8                uxTaskGetStackHighWaterMark
 .text.xTaskGetSchedulerState
                0x08004100       0x20 CMakeFiles/DBUS.elf.dir/Middlewares/Third_Party/FreeRTOS/Source/tasks.c.obj
                0x08004100                xTaskGetSchedulerState
 .text.ulTaskNotifyTake
                0x08004120       0x78 CMakeFiles/DBUS.elf.dir/Middlewares/Third_Party/FreeRTOS/Source/tasks.c.obj
                0x08004120                ulTaskNotifyTake
 .text.vTaskNotifyGiveFromISR
                0x08004198       0xd0 CMakeFiles/DBUS.elf.dir/Middlewares/Third_Party/FreeRTOS/Source/tasks.c.obj
                0x08004198                vTaskNotifyGiveFromISR
 .text.MX_CAN1_Init
                0x08004268       0x40 CMakeFiles/DBUS.elf.dir/Src/can.c.obj
                0x08004268                MX_CAN1_Init
 .text.MX_CAN2_Init
                0x080042a8       0x40 CMakeFiles/DBUS.elf.dir/Src/can.c.obj
                0x080042a8                MX_CAN2_Init
 .text.HAL_CAN_MspInit
                0x080042e8      0x120 CMakeFiles/DBUS.elf.dir/Src/can.c.obj
                0x080042e8                HAL_CAN_MspInit
 .text.MX_DMA_Init
                0x08004408       0x68 CMakeFiles/DBUS.elf.dir/Src/dma.c.obj
                0x08004408                MX_DMA_Init
 .text.StartDefaultTask
                0x08004470        0xa CMakeFiles/DBUS.elf.dir/Src/freertos.c.obj
                0x08004470                StartDefaultTask
 *fill*         0x0800447a        0x2 
 .text.vApplicationGetIdleTaskMemory
                0x0800447c       0x18 CMakeFiles/DBUS.elf.dir/Src/freertos.c.obj
                0x0800447c                vApplicationGetIdleTaskMemory
 .text.MX_FREERTOS_Init
                0x08004494       0x84 CMakeFiles/DBUS.elf.dir/Src/freertos.c.obj
                0x08004494                MX_FREERTOS_Init
 .text.MX_GPIO_Init
                0x08004518      0x1b0 CMakeFiles/DBUS.elf.dir/Src/gpio.c.obj
                0x08004518                MX_GPIO_Init
 .text.MX_I2C3_Init
                0x080046c8       0x3c CMakeFiles/DBUS.elf.dir/Src/i2c.c.obj
                0x080046c8                MX_I2C3_Init
 .text.HAL_I2C_MspInit
                0x08004704       0xb4 CMakeFiles/DBUS.elf.dir/Src/i2c.c.obj
                0x08004704                HAL_I2C_MspInit
 .text.SystemClock_Config
                0x080047b8       0x98 CMakeFiles/DBUS.elf.dir/Src/main.c.obj
                0x080047b8                SystemClock_Config
 .text.main     0x08004850       0x48 CMakeFiles/DBUS.elf.dir/Src/main.c.obj
                0x08004850                main
 .text.HAL_TIM_PeriodElapsedCallback
                0x08004898       0x12 CMakeFiles/DBUS.elf.dir/Src/main.c.obj
                0x08004898                HAL_TIM_PeriodElapsedCallback
 .text.Error_Handler
                0x080048aa        0x2 CMakeFiles/DBUS.elf.dir/Src/main.c.obj
                0x080048aa                Error_Handler
 .text.MX_SPI1_Init
                0x080048ac       0x48 CMakeFiles/DBUS.elf.dir/Src/spi.c.obj
                0x080048ac                MX_SPI1_Init
 .text.HAL_SPI_MspInit
                0x080048f4      0x124 CMakeFiles/DBUS.elf.dir/Src/spi.c.obj
                0x080048f4                HAL_SPI_MspInit
 .text.HAL_MspInit
                0x08004a18       0x44 CMakeFiles/DBUS.elf.dir/Src/stm32f4xx_hal_msp.c.obj
                0x08004a18                HAL_MspInit
 .text.HAL_InitTick
                0x08004a5c       0x78 CMakeFiles/DBUS.elf.dir/Src/stm32f4xx_hal_timebase_tim.c.obj
                0x08004a5c                HAL_InitTick
 .text.NMI_Handler
                0x08004ad4        0x2 CMakeFiles/DBUS.elf.dir/Src/stm32f4xx_it.c.obj
                0x08004ad4                NMI_Handler
 .text.HardFault_Handler
                0x08004ad6        0x2 CMakeFiles/DBUS.elf.dir/Src/stm32f4xx_it.c.obj
                0x08004ad6                HardFault_Handler
 .text.MemManage_Handler
                0x08004ad8        0x2 CMakeFiles/DBUS.elf.dir/Src/stm32f4xx_it.c.obj
                0x08004ad8                MemManage_Handler
 .text.BusFault_Handler
                0x08004ada        0x2 CMakeFiles/DBUS.elf.dir/Src/stm32f4xx_it.c.obj
                0x08004ada                BusFault_Handler
 .text.UsageFault_Handler
                0x08004adc        0x2 CMakeFiles/DBUS.elf.dir/Src/stm32f4xx_it.c.obj
                0x08004adc                UsageFault_Handler
 .text.DebugMon_Handler
                0x08004ade        0x2 CMakeFiles/DBUS.elf.dir/Src/stm32f4xx_it.c.obj
                0x08004ade                DebugMon_Handler
 .text.EXTI0_IRQHandler
                0x08004ae0        0xa CMakeFiles/DBUS.elf.dir/Src/stm32f4xx_it.c.obj
                0x08004ae0                EXTI0_IRQHandler
 .text.EXTI3_IRQHandler
                0x08004aea        0xa CMakeFiles/DBUS.elf.dir/Src/stm32f4xx_it.c.obj
                0x08004aea                EXTI3_IRQHandler
 .text.EXTI4_IRQHandler
                0x08004af4        0xa CMakeFiles/DBUS.elf.dir/Src/stm32f4xx_it.c.obj
                0x08004af4                EXTI4_IRQHandler
 *fill*         0x08004afe        0x2 
 .text.CAN1_RX0_IRQHandler
                0x08004b00       0x10 CMakeFiles/DBUS.elf.dir/Src/stm32f4xx_it.c.obj
                0x08004b00                CAN1_RX0_IRQHandler
 .text.EXTI9_5_IRQHandler
                0x08004b10        0xa CMakeFiles/DBUS.elf.dir/Src/stm32f4xx_it.c.obj
                0x08004b10                EXTI9_5_IRQHandler
 *fill*         0x08004b1a        0x2 
 .text.TIM2_IRQHandler
                0x08004b1c       0x10 CMakeFiles/DBUS.elf.dir/Src/stm32f4xx_it.c.obj
                0x08004b1c                TIM2_IRQHandler
 .text.CAN2_RX0_IRQHandler
                0x08004b2c       0x10 CMakeFiles/DBUS.elf.dir/Src/stm32f4xx_it.c.obj
                0x08004b2c                CAN2_RX0_IRQHandler
 .text.SystemInit
                0x08004b3c       0x1c CMakeFiles/DBUS.elf.dir/Src/system_stm32f4xx.c.obj
                0x08004b3c                SystemInit
 .text.HAL_TIM_Base_MspInit
                0x08004b58       0x78 CMakeFiles/DBUS.elf.dir/Src/tim.c.obj
                0x08004b58                HAL_TIM_Base_MspInit
 .text.HAL_TIM_MspPostInit
                0x08004bd0      0x11c CMakeFiles/DBUS.elf.dir/Src/tim.c.obj
                0x08004bd0                HAL_TIM_MspPostInit
 .text.MX_TIM1_Init
                0x08004cec      0x124 CMakeFiles/DBUS.elf.dir/Src/tim.c.obj
                0x08004cec                MX_TIM1_Init
 .text.MX_TIM8_Init
                0x08004e10      0x110 CMakeFiles/DBUS.elf.dir/Src/tim.c.obj
                0x08004e10                MX_TIM8_Init
 .text.MX_TIM10_Init
                0x08004f20       0x74 CMakeFiles/DBUS.elf.dir/Src/tim.c.obj
                0x08004f20                MX_TIM10_Init
 .text.MX_USART3_UART_Init
                0x08004f94       0x40 CMakeFiles/DBUS.elf.dir/Src/usart.c.obj
                0x08004f94                MX_USART3_UART_Init
 .text.HAL_UART_MspInit
                0x08004fd4       0xc4 CMakeFiles/DBUS.elf.dir/Src/usart.c.obj
                0x08004fd4                HAL_UART_MspInit
 .text.HAL_CAN_RxFifo0MsgPendingCallback
                0x08005098       0x84 CMakeFiles/DBUS.elf.dir/application/CAN_receive.c.obj
                0x08005098                HAL_CAN_RxFifo0MsgPendingCallback
 .text.CAN_cmd_chassis
                0x0800511c       0x54 CMakeFiles/DBUS.elf.dir/application/CAN_receive.c.obj
                0x0800511c                CAN_cmd_chassis
 .text.get_chassis_motor_measure_point
                0x08005170       0x14 CMakeFiles/DBUS.elf.dir/application/CAN_receive.c.obj
                0x08005170                get_chassis_motor_measure_point
 .text.imu_cali_slove
                0x08005184      0x110 CMakeFiles/DBUS.elf.dir/application/INS_task.c.obj
 .text.imu_temp_control
                0x08005294       0x84 CMakeFiles/DBUS.elf.dir/application/INS_task.c.obj
 .text.imu_cmd_spi_dma
                0x08005318      0x15c CMakeFiles/DBUS.elf.dir/application/INS_task.c.obj
 .text.INS_task
                0x08005474      0x2a8 CMakeFiles/DBUS.elf.dir/application/INS_task.c.obj
                0x08005474                INS_task
 .text.get_INS_angle_point
                0x0800571c        0x8 CMakeFiles/DBUS.elf.dir/application/INS_task.c.obj
                0x0800571c                get_INS_angle_point
 .text.HAL_GPIO_EXTI_Callback
                0x08005724       0xa8 CMakeFiles/DBUS.elf.dir/application/INS_task.c.obj
                0x08005724                HAL_GPIO_EXTI_Callback
 .text.DMA2_Stream2_IRQHandler
                0x080057cc      0x69c CMakeFiles/DBUS.elf.dir/application/INS_task.c.obj
                0x080057cc                DMA2_Stream2_IRQHandler
 .text.chassis_zero_force_control
                0x08005e68       0x12 CMakeFiles/DBUS.elf.dir/application/chassis_behaviour.c.obj
 .text.chassis_no_move_control
                0x08005e7a       0x12 CMakeFiles/DBUS.elf.dir/application/chassis_behaviour.c.obj
 .text.chassis_open_set_control
                0x08005e8c       0x54 CMakeFiles/DBUS.elf.dir/application/chassis_behaviour.c.obj
 .text.chassis_no_follow_yaw_control
                0x08005ee0       0x38 CMakeFiles/DBUS.elf.dir/application/chassis_behaviour.c.obj
 .text.chassis_engineer_follow_chassis_yaw_control
                0x08005f18       0x54 CMakeFiles/DBUS.elf.dir/application/chassis_behaviour.c.obj
 .text.chassis_behaviour_mode_set
                0x08005f6c       0x64 CMakeFiles/DBUS.elf.dir/application/chassis_behaviour.c.obj
                0x08005f6c                chassis_behaviour_mode_set
 .text.chassis_behaviour_control_set
                0x08005fd0       0x54 CMakeFiles/DBUS.elf.dir/application/chassis_behaviour.c.obj
                0x08005fd0                chassis_behaviour_control_set
 .text.chassis_mode_change_control_transit
                0x08006024       0x40 CMakeFiles/DBUS.elf.dir/application/chassis_task.c.obj
 .text.chassis_feedback_update
                0x08006064       0xbc CMakeFiles/DBUS.elf.dir/application/chassis_task.c.obj
 .text.chassis_vector_to_mecanum_wheel_speed
                0x08006120       0x50 CMakeFiles/DBUS.elf.dir/application/chassis_task.c.obj
 .text.chassis_init
                0x08006170       0xd8 CMakeFiles/DBUS.elf.dir/application/chassis_task.c.obj
 .text.chassis_set_mode
                0x08006248        0xc CMakeFiles/DBUS.elf.dir/application/chassis_task.c.obj
 .text.chassis_set_contorl
                0x08006254      0x150 CMakeFiles/DBUS.elf.dir/application/chassis_task.c.obj
 .text.chassis_control_loop
                0x080063a4      0x11c CMakeFiles/DBUS.elf.dir/application/chassis_task.c.obj
 .text.chassis_task
                0x080064c0       0x60 CMakeFiles/DBUS.elf.dir/application/chassis_task.c.obj
                0x080064c0                chassis_task
 .text.chassis_rc_to_control_vector
                0x08006520      0x118 CMakeFiles/DBUS.elf.dir/application/chassis_task.c.obj
                0x08006520                chassis_rc_to_control_vector
 .text.PID_init
                0x08006638       0x32 CMakeFiles/DBUS.elf.dir/application/pid.c.obj
                0x08006638                PID_init
 *fill*         0x0800666a        0x2 
 .text.PID_calc
                0x0800666c      0x158 CMakeFiles/DBUS.elf.dir/application/pid.c.obj
                0x0800666c                PID_calc
 .text.sbus_to_rc
                0x080067c4       0xc6 CMakeFiles/DBUS.elf.dir/application/remote_control.c.obj
 *fill*         0x0800688a        0x2 
 .text.remote_control_init
                0x0800688c       0x14 CMakeFiles/DBUS.elf.dir/application/remote_control.c.obj
                0x0800688c                remote_control_init
 .text.get_remote_control_point
                0x080068a0        0x8 CMakeFiles/DBUS.elf.dir/application/remote_control.c.obj
                0x080068a0                get_remote_control_point
 .text.USART3_IRQHandler
                0x080068a8       0xe4 CMakeFiles/DBUS.elf.dir/application/remote_control.c.obj
                0x080068a8                USART3_IRQHandler
 .text.first_order_filter_init
                0x0800698c       0x12 CMakeFiles/DBUS.elf.dir/application/user_lib.c.obj
                0x0800698c                first_order_filter_init
 .text.first_order_filter_cali
                0x0800699e       0x38 CMakeFiles/DBUS.elf.dir/application/user_lib.c.obj
                0x0800699e                first_order_filter_cali
 .text.fp32_constrain
                0x080069d6       0x20 CMakeFiles/DBUS.elf.dir/application/user_lib.c.obj
                0x080069d6                fp32_constrain
 .text.loop_fp32_constrain
                0x080069f6       0x4a CMakeFiles/DBUS.elf.dir/application/user_lib.c.obj
                0x080069f6                loop_fp32_constrain
 .text.BMI088_GPIO_init
                0x08006a40        0x2 CMakeFiles/DBUS.elf.dir/bsp/BMI088Middleware.c.obj
                0x08006a40                BMI088_GPIO_init
 .text.BMI088_com_init
                0x08006a42        0x2 CMakeFiles/DBUS.elf.dir/bsp/BMI088Middleware.c.obj
                0x08006a42                BMI088_com_init
 .text.BMI088_delay_ms
                0x08006a44        0x8 CMakeFiles/DBUS.elf.dir/bsp/BMI088Middleware.c.obj
                0x08006a44                BMI088_delay_ms
 .text.BMI088_delay_us
                0x08006a4c        0x8 CMakeFiles/DBUS.elf.dir/bsp/BMI088Middleware.c.obj
                0x08006a4c                BMI088_delay_us
 .text.BMI088_ACCEL_NS_L
                0x08006a54       0x14 CMakeFiles/DBUS.elf.dir/bsp/BMI088Middleware.c.obj
                0x08006a54                BMI088_ACCEL_NS_L
 .text.BMI088_ACCEL_NS_H
                0x08006a68       0x14 CMakeFiles/DBUS.elf.dir/bsp/BMI088Middleware.c.obj
                0x08006a68                BMI088_ACCEL_NS_H
 .text.BMI088_GYRO_NS_L
                0x08006a7c       0x14 CMakeFiles/DBUS.elf.dir/bsp/BMI088Middleware.c.obj
                0x08006a7c                BMI088_GYRO_NS_L
 .text.BMI088_GYRO_NS_H
                0x08006a90       0x14 CMakeFiles/DBUS.elf.dir/bsp/BMI088Middleware.c.obj
                0x08006a90                BMI088_GYRO_NS_H
 .text.BMI088_read_write_byte
                0x08006aa4       0x2c CMakeFiles/DBUS.elf.dir/bsp/BMI088Middleware.c.obj
                0x08006aa4                BMI088_read_write_byte
 .text.BMI088_write_single_reg
                0x08006ad0       0x10 CMakeFiles/DBUS.elf.dir/bsp/BMI088driver.c.obj
 .text.BMI088_read_single_reg
                0x08006ae0       0x16 CMakeFiles/DBUS.elf.dir/bsp/BMI088driver.c.obj
 .text.BMI088_read_muli_reg
                0x08006af6       0x24 CMakeFiles/DBUS.elf.dir/bsp/BMI088driver.c.obj
 *fill*         0x08006b1a        0x2 
 .text.bmi088_accel_init
                0x08006b1c      0x134 CMakeFiles/DBUS.elf.dir/bsp/BMI088driver.c.obj
                0x08006b1c                bmi088_accel_init
 .text.bmi088_gyro_init
                0x08006c50       0xf0 CMakeFiles/DBUS.elf.dir/bsp/BMI088driver.c.obj
                0x08006c50                bmi088_gyro_init
 .text.bmi088_accel_self_test
                0x08006d40      0x308 CMakeFiles/DBUS.elf.dir/bsp/BMI088driver.c.obj
                0x08006d40                bmi088_accel_self_test
 .text.bmi088_gyro_self_test
                0x08007048       0xd6 CMakeFiles/DBUS.elf.dir/bsp/BMI088driver.c.obj
                0x08007048                bmi088_gyro_self_test
 .text.BMI088_init
                0x0800711e       0x32 CMakeFiles/DBUS.elf.dir/bsp/BMI088driver.c.obj
                0x0800711e                BMI088_init
 .text.BMI088_temperature_read_over
                0x08007150       0x32 CMakeFiles/DBUS.elf.dir/bsp/BMI088driver.c.obj
                0x08007150                BMI088_temperature_read_over
 *fill*         0x08007182        0x2 
 .text.BMI088_accel_read_over
                0x08007184       0x90 CMakeFiles/DBUS.elf.dir/bsp/BMI088driver.c.obj
                0x08007184                BMI088_accel_read_over
 .text.BMI088_gyro_read_over
                0x08007214       0x64 CMakeFiles/DBUS.elf.dir/bsp/BMI088driver.c.obj
                0x08007214                BMI088_gyro_read_over
 .text.BMI088_read
                0x08007278      0x17c CMakeFiles/DBUS.elf.dir/bsp/BMI088driver.c.obj
                0x08007278                BMI088_read
 .text.can_filter_init
                0x080073f4       0x5c CMakeFiles/DBUS.elf.dir/bsp/bsp_can.c.obj
                0x080073f4                can_filter_init
 .text.delay_init
                0x08007450       0x34 CMakeFiles/DBUS.elf.dir/bsp/bsp_delay.c.obj
                0x08007450                delay_init
 .text.delay_us
                0x08007484       0x40 CMakeFiles/DBUS.elf.dir/bsp/bsp_delay.c.obj
                0x08007484                delay_us
 .text.imu_pwm_set
                0x080074c4        0xc CMakeFiles/DBUS.elf.dir/bsp/bsp_imu_pwm.c.obj
                0x080074c4                imu_pwm_set
 .text.RC_Init  0x080074d0       0x68 CMakeFiles/DBUS.elf.dir/bsp/bsp_rc.c.obj
                0x080074d0                RC_Init
 .text.SPI1_DMA_init
                0x08007538      0x114 CMakeFiles/DBUS.elf.dir/bsp/bsp_spi.c.obj
                0x08007538                SPI1_DMA_init
 .text.SPI1_DMA_enable
                0x0800764c     0x1d78 CMakeFiles/DBUS.elf.dir/bsp/bsp_spi.c.obj
                0x0800764c                SPI1_DMA_enable
 .text.ist8310_init
                0x080093c4       0x80 CMakeFiles/DBUS.elf.dir/bsp/ist8310driver.c.obj
                0x080093c4                ist8310_init
 .text.ist8310_GPIO_init
                0x08009444        0x2 CMakeFiles/DBUS.elf.dir/bsp/ist8310driver_middleware.c.obj
                0x08009444                ist8310_GPIO_init
 .text.ist8310_com_init
                0x08009446        0x2 CMakeFiles/DBUS.elf.dir/bsp/ist8310driver_middleware.c.obj
                0x08009446                ist8310_com_init
 .text.ist8310_IIC_read_single_reg
                0x08009448       0x2c CMakeFiles/DBUS.elf.dir/bsp/ist8310driver_middleware.c.obj
                0x08009448                ist8310_IIC_read_single_reg
 .text.ist8310_IIC_write_single_reg
                0x08009474       0x2c CMakeFiles/DBUS.elf.dir/bsp/ist8310driver_middleware.c.obj
                0x08009474                ist8310_IIC_write_single_reg
 .text.ist8310_delay_ms
                0x080094a0        0x8 CMakeFiles/DBUS.elf.dir/bsp/ist8310driver_middleware.c.obj
                0x080094a0                ist8310_delay_ms
 .text.ist8310_RST_H
                0x080094a8       0x14 CMakeFiles/DBUS.elf.dir/bsp/ist8310driver_middleware.c.obj
                0x080094a8                ist8310_RST_H
 .text.ist8310_RST_L
                0x080094bc       0x14 CMakeFiles/DBUS.elf.dir/bsp/ist8310driver_middleware.c.obj
                0x080094bc                ist8310_RST_L
 .text.Reset_Handler
                0x080094d0       0x50 CMakeFiles/DBUS.elf.dir/startup/startup_stm32f407xx.s.obj
                0x080094d0                Reset_Handler
 .text.Default_Handler
                0x08009520        0x2 CMakeFiles/DBUS.elf.dir/startup/startup_stm32f407xx.s.obj
                0x08009520                RTC_Alarm_IRQHandler
                0x08009520                HASH_RNG_IRQHandler
                0x08009520                EXTI2_IRQHandler
                0x08009520                TIM8_CC_IRQHandler
                0x08009520                TIM1_CC_IRQHandler
                0x08009520                DMA2_Stream5_IRQHandler
                0x08009520                DMA1_Stream5_IRQHandler
                0x08009520                PVD_IRQHandler
                0x08009520                SDIO_IRQHandler
                0x08009520                TAMP_STAMP_IRQHandler
                0x08009520                CAN2_RX1_IRQHandler
                0x08009520                TIM8_TRG_COM_TIM14_IRQHandler
                0x08009520                TIM1_UP_TIM10_IRQHandler
                0x08009520                TIM8_UP_TIM13_IRQHandler
                0x08009520                I2C3_ER_IRQHandler
                0x08009520                I2C2_EV_IRQHandler
                0x08009520                DMA1_Stream2_IRQHandler
                0x08009520                FPU_IRQHandler
                0x08009520                OTG_HS_WKUP_IRQHandler
                0x08009520                CAN2_SCE_IRQHandler
                0x08009520                SPI1_IRQHandler
                0x08009520                TIM6_DAC_IRQHandler
                0x08009520                TIM1_BRK_TIM9_IRQHandler
                0x08009520                DCMI_IRQHandler
                0x08009520                DMA2_Stream3_IRQHandler
                0x08009520                USART6_IRQHandler
                0x08009520                CAN1_RX1_IRQHandler
                0x08009520                UART5_IRQHandler
                0x08009520                DMA2_Stream0_IRQHandler
                0x08009520                TIM4_IRQHandler
                0x08009520                I2C1_EV_IRQHandler
                0x08009520                DMA1_Stream6_IRQHandler
                0x08009520                DMA1_Stream1_IRQHandler
                0x08009520                UART4_IRQHandler
                0x08009520                TIM3_IRQHandler
                0x08009520                RCC_IRQHandler
                0x08009520                TIM8_BRK_TIM12_IRQHandler
                0x08009520                Default_Handler
                0x08009520                EXTI15_10_IRQHandler
                0x08009520                ADC_IRQHandler
                0x08009520                DMA1_Stream7_IRQHandler
                0x08009520                TIM7_IRQHandler
                0x08009520                CAN2_TX_IRQHandler
                0x08009520                TIM5_IRQHandler
                0x08009520                DMA2_Stream7_IRQHandler
                0x08009520                I2C3_EV_IRQHandler
                0x08009520                RTC_WKUP_IRQHandler
                0x08009520                ETH_WKUP_IRQHandler
                0x08009520                SPI2_IRQHandler
                0x08009520                OTG_HS_EP1_IN_IRQHandler
                0x08009520                DMA1_Stream0_IRQHandler
                0x08009520                CAN1_TX_IRQHandler
                0x08009520                FSMC_IRQHandler
                0x08009520                ETH_IRQHandler
                0x08009520                OTG_HS_EP1_OUT_IRQHandler
                0x08009520                WWDG_IRQHandler
                0x08009520                OTG_FS_WKUP_IRQHandler
                0x08009520                TIM1_TRG_COM_TIM11_IRQHandler
                0x08009520                OTG_HS_IRQHandler
                0x08009520                EXTI1_IRQHandler
                0x08009520                USART2_IRQHandler
                0x08009520                I2C2_ER_IRQHandler
                0x08009520                DMA2_Stream1_IRQHandler
                0x08009520                CAN1_SCE_IRQHandler
                0x08009520                FLASH_IRQHandler
                0x08009520                DMA2_Stream4_IRQHandler
                0x08009520                USART1_IRQHandler
                0x08009520                OTG_FS_IRQHandler
                0x08009520                SPI3_IRQHandler
                0x08009520                DMA1_Stream4_IRQHandler
                0x08009520                I2C1_ER_IRQHandler
                0x08009520                DMA2_Stream6_IRQHandler
                0x08009520                DMA1_Stream3_IRQHandler
 *fill*         0x08009522        0x2 
 .text.__libc_init_array
                0x08009524       0x48 d:/clion/gcc-arm-none-eabi-10.3-2021.10/bin/../lib/gcc/arm-none-eabi/10.3.1/../../../../arm-none-eabi/lib/thumb/v7e-m+fp/hard\libg.a(lib_a-init.o)
                0x08009524                __libc_init_array
 .text.memset   0x0800956c       0xa4 d:/clion/gcc-arm-none-eabi-10.3-2021.10/bin/../lib/gcc/arm-none-eabi/10.3.1/../../../../arm-none-eabi/lib/thumb/v7e-m+fp/hard\libg.a(lib_a-memset.o)
                0x0800956c                memset
 .text.startup.register_fini
                0x08009610       0x14 d:/clion/gcc-arm-none-eabi-10.3-2021.10/bin/../lib/gcc/arm-none-eabi/10.3.1/../../../../arm-none-eabi/lib/thumb/v7e-m+fp/hard\libg.a(lib_a-__call_atexit.o)
 .text.atexit   0x08009624        0xc d:/clion/gcc-arm-none-eabi-10.3-2021.10/bin/../lib/gcc/arm-none-eabi/10.3.1/../../../../arm-none-eabi/lib/thumb/v7e-m+fp/hard\libg.a(lib_a-atexit.o)
                0x08009624                atexit
 .text.__libc_fini_array
                0x08009630       0x2c d:/clion/gcc-arm-none-eabi-10.3-2021.10/bin/../lib/gcc/arm-none-eabi/10.3.1/../../../../arm-none-eabi/lib/thumb/v7e-m+fp/hard\libg.a(lib_a-fini.o)
                0x08009630                __libc_fini_array
 .text.__retarget_lock_acquire_recursive
                0x0800965c        0x4 d:/clion/gcc-arm-none-eabi-10.3-2021.10/bin/../lib/gcc/arm-none-eabi/10.3.1/../../../../arm-none-eabi/lib/thumb/v7e-m+fp/hard\libg.a(lib_a-lock.o)
                0x0800965c                __retarget_lock_acquire_recursive
 .text.__retarget_lock_release_recursive
                0x08009660        0x4 d:/clion/gcc-arm-none-eabi-10.3-2021.10/bin/../lib/gcc/arm-none-eabi/10.3.1/../../../../arm-none-eabi/lib/thumb/v7e-m+fp/hard\libg.a(lib_a-lock.o)
                0x08009660                __retarget_lock_release_recursive
 .text.__register_exitproc
                0x08009664       0x8c d:/clion/gcc-arm-none-eabi-10.3-2021.10/bin/../lib/gcc/arm-none-eabi/10.3.1/../../../../arm-none-eabi/lib/thumb/v7e-m+fp/hard\libg.a(lib_a-__atexit.o)
                0x08009664                __register_exitproc
 *(.glue_7)
 .glue_7        0x080096f0        0x0 linker stubs
 *(.glue_7t)
 .glue_7t       0x080096f0        0x0 linker stubs
 *(.eh_frame)
 .eh_frame      0x080096f0        0x0 d:/clion/gcc-arm-none-eabi-10.3-2021.10/bin/../lib/gcc/arm-none-eabi/10.3.1/thumb/v7e-m+fp/hard/crtbegin.o
 *(.init)
 .init          0x080096f0        0x4 d:/clion/gcc-arm-none-eabi-10.3-2021.10/bin/../lib/gcc/arm-none-eabi/10.3.1/thumb/v7e-m+fp/hard/crti.o
                0x080096f0                _init
 .init          0x080096f4        0x8 d:/clion/gcc-arm-none-eabi-10.3-2021.10/bin/../lib/gcc/arm-none-eabi/10.3.1/thumb/v7e-m+fp/hard/crtn.o
 *(.fini)
 .fini          0x080096fc        0x4 d:/clion/gcc-arm-none-eabi-10.3-2021.10/bin/../lib/gcc/arm-none-eabi/10.3.1/thumb/v7e-m+fp/hard/crti.o
                0x080096fc                _fini
 .fini          0x08009700        0x8 d:/clion/gcc-arm-none-eabi-10.3-2021.10/bin/../lib/gcc/arm-none-eabi/10.3.1/thumb/v7e-m+fp/hard/crtn.o
                0x08009708                . = ALIGN (0x4)
                0x08009708                _etext = .

.vfp11_veneer   0x08009708        0x0
 .vfp11_veneer  0x08009708        0x0 linker stubs

.v4_bx          0x08009708        0x0
 .v4_bx         0x08009708        0x0 linker stubs

.iplt           0x08009708        0x0
 .iplt          0x08009708        0x0 d:/clion/gcc-arm-none-eabi-10.3-2021.10/bin/../lib/gcc/arm-none-eabi/10.3.1/thumb/v7e-m+fp/hard/crtbegin.o

.rodata         0x08009708      0x124
                0x08009708                . = ALIGN (0x4)
 *(.rodata)
 .rodata        0x08009708       0x54 CMakeFiles/DBUS.elf.dir/Src/freertos.c.obj
 .rodata        0x0800975c       0x10 CMakeFiles/DBUS.elf.dir/bsp/BMI088driver.c.obj
 *(.rodata*)
 .rodata.flagBitshiftOffset.0
                0x0800976c        0x8 CMakeFiles/DBUS.elf.dir/Drivers/STM32F4xx_HAL_Driver/Src/stm32f4xx_hal_dma.c.obj
 .rodata.vTaskStartScheduler.str1.4
                0x08009774        0x5 CMakeFiles/DBUS.elf.dir/Middlewares/Third_Party/FreeRTOS/Source/tasks.c.obj
 *fill*         0x08009779        0x3 
 .rodata.str1.4
                0x0800977c       0x20 CMakeFiles/DBUS.elf.dir/Src/freertos.c.obj
 .rodata.AHBPrescTable
                0x0800979c       0x10 CMakeFiles/DBUS.elf.dir/Src/system_stm32f4xx.c.obj
                0x0800979c                AHBPrescTable
 .rodata.APBPrescTable
                0x080097ac        0x8 CMakeFiles/DBUS.elf.dir/Src/system_stm32f4xx.c.obj
                0x080097ac                APBPrescTable
 .rodata.imu_temp_PID
                0x080097b4        0xc CMakeFiles/DBUS.elf.dir/application/INS_task.c.obj
 .rodata.chassis_x_order_filter.1
                0x080097c0        0x4 CMakeFiles/DBUS.elf.dir/application/chassis_task.c.obj
 .rodata.chassis_y_order_filter.0
                0x080097c4        0x4 CMakeFiles/DBUS.elf.dir/application/chassis_task.c.obj
 .rodata.chassis_yaw_pid.2
                0x080097c8        0xc CMakeFiles/DBUS.elf.dir/application/chassis_task.c.obj
 .rodata.motor_speed_pid.3
                0x080097d4        0xc CMakeFiles/DBUS.elf.dir/application/chassis_task.c.obj
 .rodata.write_BMI088_ACCEL_self_test_Reg_Data_Error.0
                0x080097e0       0x12 CMakeFiles/DBUS.elf.dir/bsp/BMI088driver.c.obj
 *fill*         0x080097f2        0x2 
 .rodata.write_BMI088_accel_reg_data_error
                0x080097f4       0x12 CMakeFiles/DBUS.elf.dir/bsp/BMI088driver.c.obj
 *fill*         0x08009806        0x2 
 .rodata.write_BMI088_gyro_reg_data_error
                0x08009808       0x12 CMakeFiles/DBUS.elf.dir/bsp/BMI088driver.c.obj
 *fill*         0x0800981a        0x2 
 .rodata.ist8310_write_reg_data_error
                0x0800981c        0xc CMakeFiles/DBUS.elf.dir/bsp/ist8310driver.c.obj
 .rodata._global_impure_ptr
                0x08009828        0x4 d:/clion/gcc-arm-none-eabi-10.3-2021.10/bin/../lib/gcc/arm-none-eabi/10.3.1/../../../../arm-none-eabi/lib/thumb/v7e-m+fp/hard\libg.a(lib_a-impure.o)
                0x08009828                _global_impure_ptr
                0x0800982c                . = ALIGN (0x4)

.ARM.extab
 *(.ARM.extab* .gnu.linkonce.armextab.*)

.ARM            0x0800982c        0x8
                0x0800982c                __exidx_start = .
 *(.ARM.exidx*)
 .ARM.exidx     0x0800982c        0x8 d:/clion/gcc-arm-none-eabi-10.3-2021.10/bin/../lib/gcc/arm-none-eabi/10.3.1/thumb/v7e-m+fp/hard\libgcc.a(_udivmoddi4.o)
                0x08009834                __exidx_end = .

.rel.dyn        0x08009834        0x0
 .rel.iplt      0x08009834        0x0 d:/clion/gcc-arm-none-eabi-10.3-2021.10/bin/../lib/gcc/arm-none-eabi/10.3.1/thumb/v7e-m+fp/hard/crtbegin.o

.preinit_array  0x08009834        0x0
                0x08009834                PROVIDE (__preinit_array_start = .)
 *(.preinit_array*)
                0x08009834                PROVIDE (__preinit_array_end = .)

.init_array     0x08009834        0x8
                0x08009834                PROVIDE (__init_array_start = .)
 *(SORT_BY_NAME(.init_array.*))
 .init_array.00000
                0x08009834        0x4 d:/clion/gcc-arm-none-eabi-10.3-2021.10/bin/../lib/gcc/arm-none-eabi/10.3.1/../../../../arm-none-eabi/lib/thumb/v7e-m+fp/hard\libg.a(lib_a-__call_atexit.o)
 *(.init_array*)
 .init_array    0x08009838        0x4 d:/clion/gcc-arm-none-eabi-10.3-2021.10/bin/../lib/gcc/arm-none-eabi/10.3.1/thumb/v7e-m+fp/hard/crtbegin.o
                0x0800983c                PROVIDE (__init_array_end = .)

.fini_array     0x0800983c        0x4
                0x0800983c                PROVIDE (__fini_array_start = .)
 *(SORT_BY_NAME(.fini_array.*))
 *(.fini_array*)
 .fini_array    0x0800983c        0x4 d:/clion/gcc-arm-none-eabi-10.3-2021.10/bin/../lib/gcc/arm-none-eabi/10.3.1/thumb/v7e-m+fp/hard/crtbegin.o
                0x08009840                PROVIDE (__fini_array_end = .)
                0x08009840                _sidata = LOADADDR (.data)

.data           0x20000000      0x4cc load address 0x08009840
                0x20000000                . = ALIGN (0x4)
                0x20000000                _sdata = .
 *(.data)
 *(.data*)
 .data.uwTickFreq
                0x20000000        0x1 CMakeFiles/DBUS.elf.dir/Drivers/STM32F4xx_HAL_Driver/Src/stm32f4xx_hal.c.obj
                0x20000000                uwTickFreq
 *fill*         0x20000001        0x3 
 .data.uwTickPrio
                0x20000004        0x4 CMakeFiles/DBUS.elf.dir/Drivers/STM32F4xx_HAL_Driver/Src/stm32f4xx_hal.c.obj
                0x20000004                uwTickPrio
 .data.uxCriticalNesting
                0x20000008        0x4 CMakeFiles/DBUS.elf.dir/Middlewares/Third_Party/FreeRTOS/Source/portable/GCC/ARM_CM4F/port.c.obj
 .data.SystemCoreClock
                0x2000000c        0x4 CMakeFiles/DBUS.elf.dir/Src/system_stm32f4xx.c.obj
                0x2000000c                SystemCoreClock
 .data.accel_dma_tx_buf
                0x20000010        0x9 CMakeFiles/DBUS.elf.dir/application/INS_task.c.obj
                0x20000010                accel_dma_tx_buf
 *fill*         0x20000019        0x3 
 .data.accel_scale_factor
                0x2000001c       0x24 CMakeFiles/DBUS.elf.dir/application/INS_task.c.obj
                0x2000001c                accel_scale_factor
 .data.accel_temp_dma_tx_buf
                0x20000040        0x4 CMakeFiles/DBUS.elf.dir/application/INS_task.c.obj
                0x20000040                accel_temp_dma_tx_buf
 .data.gyro_dma_tx_buf
                0x20000044        0x8 CMakeFiles/DBUS.elf.dir/application/INS_task.c.obj
                0x20000044                gyro_dma_tx_buf
 .data.gyro_scale_factor
                0x2000004c       0x24 CMakeFiles/DBUS.elf.dir/application/INS_task.c.obj
                0x2000004c                gyro_scale_factor
 .data.mag_scale_factor
                0x20000070       0x24 CMakeFiles/DBUS.elf.dir/application/INS_task.c.obj
                0x20000070                mag_scale_factor
 .data.BMI088_ACCEL_SEN
                0x20000094        0x4 CMakeFiles/DBUS.elf.dir/bsp/BMI088driver.c.obj
                0x20000094                BMI088_ACCEL_SEN
 .data.BMI088_GYRO_SEN
                0x20000098        0x4 CMakeFiles/DBUS.elf.dir/bsp/BMI088driver.c.obj
                0x20000098                BMI088_GYRO_SEN
 *fill*         0x2000009c        0x4 
 .data.impure_data
                0x200000a0      0x428 d:/clion/gcc-arm-none-eabi-10.3-2021.10/bin/../lib/gcc/arm-none-eabi/10.3.1/../../../../arm-none-eabi/lib/thumb/v7e-m+fp/hard\libg.a(lib_a-impure.o)
 .data.__atexit_recursive_mutex
                0x200004c8        0x4 d:/clion/gcc-arm-none-eabi-10.3-2021.10/bin/../lib/gcc/arm-none-eabi/10.3.1/../../../../arm-none-eabi/lib/thumb/v7e-m+fp/hard\libg.a(lib_a-__call_atexit.o)
                0x200004c8                __atexit_recursive_mutex
                0x200004cc                . = ALIGN (0x4)
                0x200004cc                _edata = .
                0x08009d0c                _siccmram = LOADADDR (.ccmram)

.igot.plt       0x200004cc        0x0 load address 0x08009d0c
 .igot.plt      0x200004cc        0x0 d:/clion/gcc-arm-none-eabi-10.3-2021.10/bin/../lib/gcc/arm-none-eabi/10.3.1/thumb/v7e-m+fp/hard/crtbegin.o

.ccmram         0x10000000        0x0 load address 0x08009d0c
                0x10000000                . = ALIGN (0x4)
                0x10000000                _sccmram = .
 *(.ccmram)
 *(.ccmram*)
                0x10000000                . = ALIGN (0x4)
                0x10000000                _eccmram = .
                0x10000000                . = ALIGN (0x4)

.bss            0x200004cc     0x4768
                0x200004cc                _sbss = .
                0x200004cc                __bss_start__ = _sbss
 *(.bss)
 .bss           0x200004cc       0x1c d:/clion/gcc-arm-none-eabi-10.3-2021.10/bin/../lib/gcc/arm-none-eabi/10.3.1/thumb/v7e-m+fp/hard/crtbegin.o
 *(.bss*)
 .bss.uwTick    0x200004e8        0x4 CMakeFiles/DBUS.elf.dir/Drivers/STM32F4xx_HAL_Driver/Src/stm32f4xx_hal.c.obj
                0x200004e8                uwTick
 .bss.ucMaxSysCallPriority
                0x200004ec        0x1 CMakeFiles/DBUS.elf.dir/Middlewares/Third_Party/FreeRTOS/Source/portable/GCC/ARM_CM4F/port.c.obj
 *fill*         0x200004ed        0x3 
 .bss.ulMaxPRIGROUPValue
                0x200004f0        0x4 CMakeFiles/DBUS.elf.dir/Middlewares/Third_Party/FreeRTOS/Source/portable/GCC/ARM_CM4F/port.c.obj
 .bss.pxEnd     0x200004f4        0x4 CMakeFiles/DBUS.elf.dir/Middlewares/Third_Party/FreeRTOS/Source/portable/MemMang/heap_4.c.obj
 .bss.ucHeap    0x200004f8     0x3c00 CMakeFiles/DBUS.elf.dir/Middlewares/Third_Party/FreeRTOS/Source/portable/MemMang/heap_4.c.obj
 .bss.xBlockAllocatedBit
                0x200040f8        0x4 CMakeFiles/DBUS.elf.dir/Middlewares/Third_Party/FreeRTOS/Source/portable/MemMang/heap_4.c.obj
 .bss.xFreeBytesRemaining
                0x200040fc        0x4 CMakeFiles/DBUS.elf.dir/Middlewares/Third_Party/FreeRTOS/Source/portable/MemMang/heap_4.c.obj
 .bss.xMinimumEverFreeBytesRemaining
                0x20004100        0x4 CMakeFiles/DBUS.elf.dir/Middlewares/Third_Party/FreeRTOS/Source/portable/MemMang/heap_4.c.obj
 .bss.xStart    0x20004104        0x8 CMakeFiles/DBUS.elf.dir/Middlewares/Third_Party/FreeRTOS/Source/portable/MemMang/heap_4.c.obj
 .bss.pxCurrentTCB
                0x2000410c        0x4 CMakeFiles/DBUS.elf.dir/Middlewares/Third_Party/FreeRTOS/Source/tasks.c.obj
                0x2000410c                pxCurrentTCB
 .bss.pxDelayedTaskList
                0x20004110        0x4 CMakeFiles/DBUS.elf.dir/Middlewares/Third_Party/FreeRTOS/Source/tasks.c.obj
 .bss.pxOverflowDelayedTaskList
                0x20004114        0x4 CMakeFiles/DBUS.elf.dir/Middlewares/Third_Party/FreeRTOS/Source/tasks.c.obj
 .bss.pxReadyTasksLists
                0x20004118       0x8c CMakeFiles/DBUS.elf.dir/Middlewares/Third_Party/FreeRTOS/Source/tasks.c.obj
 .bss.uxCurrentNumberOfTasks
                0x200041a4        0x4 CMakeFiles/DBUS.elf.dir/Middlewares/Third_Party/FreeRTOS/Source/tasks.c.obj
 .bss.uxDeletedTasksWaitingCleanUp
                0x200041a8        0x4 CMakeFiles/DBUS.elf.dir/Middlewares/Third_Party/FreeRTOS/Source/tasks.c.obj
 .bss.uxPendedTicks
                0x200041ac        0x4 CMakeFiles/DBUS.elf.dir/Middlewares/Third_Party/FreeRTOS/Source/tasks.c.obj
 .bss.uxSchedulerSuspended
                0x200041b0        0x4 CMakeFiles/DBUS.elf.dir/Middlewares/Third_Party/FreeRTOS/Source/tasks.c.obj
 .bss.uxTaskNumber
                0x200041b4        0x4 CMakeFiles/DBUS.elf.dir/Middlewares/Third_Party/FreeRTOS/Source/tasks.c.obj
 .bss.uxTopReadyPriority
                0x200041b8        0x4 CMakeFiles/DBUS.elf.dir/Middlewares/Third_Party/FreeRTOS/Source/tasks.c.obj
 .bss.xDelayedTaskList1
                0x200041bc       0x14 CMakeFiles/DBUS.elf.dir/Middlewares/Third_Party/FreeRTOS/Source/tasks.c.obj
 .bss.xDelayedTaskList2
                0x200041d0       0x14 CMakeFiles/DBUS.elf.dir/Middlewares/Third_Party/FreeRTOS/Source/tasks.c.obj
 .bss.xIdleTaskHandle
                0x200041e4        0x4 CMakeFiles/DBUS.elf.dir/Middlewares/Third_Party/FreeRTOS/Source/tasks.c.obj
 .bss.xNextTaskUnblockTime
                0x200041e8        0x4 CMakeFiles/DBUS.elf.dir/Middlewares/Third_Party/FreeRTOS/Source/tasks.c.obj
 .bss.xNumOfOverflows
                0x200041ec        0x4 CMakeFiles/DBUS.elf.dir/Middlewares/Third_Party/FreeRTOS/Source/tasks.c.obj
 .bss.xPendingReadyList
                0x200041f0       0x14 CMakeFiles/DBUS.elf.dir/Middlewares/Third_Party/FreeRTOS/Source/tasks.c.obj
 .bss.xSchedulerRunning
                0x20004204        0x4 CMakeFiles/DBUS.elf.dir/Middlewares/Third_Party/FreeRTOS/Source/tasks.c.obj
 .bss.xSuspendedTaskList
                0x20004208       0x14 CMakeFiles/DBUS.elf.dir/Middlewares/Third_Party/FreeRTOS/Source/tasks.c.obj
 .bss.xTasksWaitingTermination
                0x2000421c       0x14 CMakeFiles/DBUS.elf.dir/Middlewares/Third_Party/FreeRTOS/Source/tasks.c.obj
 .bss.xTickCount
                0x20004230        0x4 CMakeFiles/DBUS.elf.dir/Middlewares/Third_Party/FreeRTOS/Source/tasks.c.obj
 .bss.xYieldPending
                0x20004234        0x4 CMakeFiles/DBUS.elf.dir/Middlewares/Third_Party/FreeRTOS/Source/tasks.c.obj
 .bss.HAL_RCC_CAN1_CLK_ENABLED
                0x20004238        0x4 CMakeFiles/DBUS.elf.dir/Src/can.c.obj
 .bss.hcan1     0x2000423c       0x28 CMakeFiles/DBUS.elf.dir/Src/can.c.obj
                0x2000423c                hcan1
 .bss.hcan2     0x20004264       0x28 CMakeFiles/DBUS.elf.dir/Src/can.c.obj
                0x20004264                hcan2
 .bss.chassisTaskHandle
                0x2000428c        0x4 CMakeFiles/DBUS.elf.dir/Src/freertos.c.obj
                0x2000428c                chassisTaskHandle
 .bss.defaultTaskHandle
                0x20004290        0x4 CMakeFiles/DBUS.elf.dir/Src/freertos.c.obj
                0x20004290                defaultTaskHandle
 .bss.imuTaskHandle
                0x20004294        0x4 CMakeFiles/DBUS.elf.dir/Src/freertos.c.obj
                0x20004294                imuTaskHandle
 .bss.xIdleStack
                0x20004298      0x200 CMakeFiles/DBUS.elf.dir/Src/freertos.c.obj
 .bss.xIdleTaskTCBBuffer
                0x20004498       0x54 CMakeFiles/DBUS.elf.dir/Src/freertos.c.obj
 .bss.hi2c3     0x200044ec       0x54 CMakeFiles/DBUS.elf.dir/Src/i2c.c.obj
                0x200044ec                hi2c3
 .bss.hdma_spi1_rx
                0x20004540       0x60 CMakeFiles/DBUS.elf.dir/Src/spi.c.obj
                0x20004540                hdma_spi1_rx
 .bss.hdma_spi1_tx
                0x200045a0       0x60 CMakeFiles/DBUS.elf.dir/Src/spi.c.obj
                0x200045a0                hdma_spi1_tx
 .bss.hspi1     0x20004600       0x58 CMakeFiles/DBUS.elf.dir/Src/spi.c.obj
                0x20004600                hspi1
 .bss.htim2     0x20004658       0x40 CMakeFiles/DBUS.elf.dir/Src/stm32f4xx_hal_timebase_tim.c.obj
                0x20004658                htim2
 .bss.htim1     0x20004698       0x40 CMakeFiles/DBUS.elf.dir/Src/tim.c.obj
                0x20004698                htim1
 .bss.htim10    0x200046d8       0x40 CMakeFiles/DBUS.elf.dir/Src/tim.c.obj
                0x200046d8                htim10
 .bss.htim8     0x20004718       0x40 CMakeFiles/DBUS.elf.dir/Src/tim.c.obj
                0x20004718                htim8
 .bss.hdma_usart3_rx
                0x20004758       0x60 CMakeFiles/DBUS.elf.dir/Src/usart.c.obj
                0x20004758                hdma_usart3_rx
 .bss.huart3    0x200047b8       0x40 CMakeFiles/DBUS.elf.dir/Src/usart.c.obj
                0x200047b8                huart3
 .bss.chassis_can_send_data
                0x200047f8        0x8 CMakeFiles/DBUS.elf.dir/application/CAN_receive.c.obj
 .bss.chassis_tx_message
                0x20004800       0x18 CMakeFiles/DBUS.elf.dir/application/CAN_receive.c.obj
 .bss.i.0       0x20004818        0x1 CMakeFiles/DBUS.elf.dir/application/CAN_receive.c.obj
 *fill*         0x20004819        0x3 
 .bss.motor_chassis
                0x2000481c       0x46 CMakeFiles/DBUS.elf.dir/application/CAN_receive.c.obj
 *fill*         0x20004862        0x2 
 .bss.INS_accel
                0x20004864        0xc CMakeFiles/DBUS.elf.dir/application/INS_task.c.obj
 .bss.INS_angle
                0x20004870        0xc CMakeFiles/DBUS.elf.dir/application/INS_task.c.obj
                0x20004870                INS_angle
 .bss.INS_gyro  0x2000487c        0xc CMakeFiles/DBUS.elf.dir/application/INS_task.c.obj
 .bss.INS_mag   0x20004888        0xc CMakeFiles/DBUS.elf.dir/application/INS_task.c.obj
 .bss.INS_quat  0x20004894       0x10 CMakeFiles/DBUS.elf.dir/application/INS_task.c.obj
 .bss.INS_task_local_handler
                0x200048a4        0x4 CMakeFiles/DBUS.elf.dir/application/INS_task.c.obj
 .bss.accel_dma_rx_buf
                0x200048a8        0x9 CMakeFiles/DBUS.elf.dir/application/INS_task.c.obj
                0x200048a8                accel_dma_rx_buf
 *fill*         0x200048b1        0x3 
 .bss.accel_fliter_1
                0x200048b4        0xc CMakeFiles/DBUS.elf.dir/application/INS_task.c.obj
 .bss.accel_fliter_2
                0x200048c0        0xc CMakeFiles/DBUS.elf.dir/application/INS_task.c.obj
 .bss.accel_fliter_3
                0x200048cc        0xc CMakeFiles/DBUS.elf.dir/application/INS_task.c.obj
 .bss.accel_offset
                0x200048d8        0xc CMakeFiles/DBUS.elf.dir/application/INS_task.c.obj
                0x200048d8                accel_offset
 .bss.accel_temp_dma_rx_buf
                0x200048e4        0x4 CMakeFiles/DBUS.elf.dir/application/INS_task.c.obj
                0x200048e4                accel_temp_dma_rx_buf
 .bss.accel_temp_update_flag
                0x200048e8        0x1 CMakeFiles/DBUS.elf.dir/application/INS_task.c.obj
                0x200048e8                accel_temp_update_flag
 .bss.accel_update_flag
                0x200048e9        0x1 CMakeFiles/DBUS.elf.dir/application/INS_task.c.obj
                0x200048e9                accel_update_flag
 *fill*         0x200048ea        0x2 
 .bss.bmi088_real_data
                0x200048ec       0x24 CMakeFiles/DBUS.elf.dir/application/INS_task.c.obj
                0x200048ec                bmi088_real_data
 .bss.first_temperate
                0x20004910        0x1 CMakeFiles/DBUS.elf.dir/application/INS_task.c.obj
 *fill*         0x20004911        0x3 
 .bss.gyro_dma_rx_buf
                0x20004914        0x8 CMakeFiles/DBUS.elf.dir/application/INS_task.c.obj
                0x20004914                gyro_dma_rx_buf
 .bss.gyro_offset
                0x2000491c        0xc CMakeFiles/DBUS.elf.dir/application/INS_task.c.obj
                0x2000491c                gyro_offset
 .bss.gyro_update_flag
                0x20004928        0x1 CMakeFiles/DBUS.elf.dir/application/INS_task.c.obj
                0x20004928                gyro_update_flag
 .bss.imu_start_dma_flag
                0x20004929        0x1 CMakeFiles/DBUS.elf.dir/application/INS_task.c.obj
                0x20004929                imu_start_dma_flag
 *fill*         0x2000492a        0x2 
 .bss.imu_temp_pid
                0x2000492c       0x48 CMakeFiles/DBUS.elf.dir/application/INS_task.c.obj
                0x2000492c                imu_temp_pid
 .bss.ist8310_real_data
                0x20004974       0x10 CMakeFiles/DBUS.elf.dir/application/INS_task.c.obj
                0x20004974                ist8310_real_data
 .bss.mag_offset
                0x20004984        0xc CMakeFiles/DBUS.elf.dir/application/INS_task.c.obj
                0x20004984                mag_offset
 .bss.mag_update_flag
                0x20004990        0x1 CMakeFiles/DBUS.elf.dir/application/INS_task.c.obj
                0x20004990                mag_update_flag
 .bss.temp_constant_time.1
                0x20004991        0x1 CMakeFiles/DBUS.elf.dir/application/INS_task.c.obj
 *fill*         0x20004992        0x2 
 .bss.xHigherPriorityTaskWoken.0
                0x20004994        0x4 CMakeFiles/DBUS.elf.dir/application/INS_task.c.obj
 .bss.chassis_behaviour_mode
                0x20004998        0x1 CMakeFiles/DBUS.elf.dir/application/chassis_behaviour.c.obj
                0x20004998                chassis_behaviour_mode
 *fill*         0x20004999        0x3 
 .bss.chassis_high_water
                0x2000499c        0x4 CMakeFiles/DBUS.elf.dir/application/chassis_task.c.obj
                0x2000499c                chassis_high_water
 .bss.chassis_move
                0x200049a0      0x224 CMakeFiles/DBUS.elf.dir/application/chassis_task.c.obj
                0x200049a0                chassis_move
 .bss.rc_ctrl   0x20004bc4       0x16 CMakeFiles/DBUS.elf.dir/application/remote_control.c.obj
                0x20004bc4                rc_ctrl
 *fill*         0x20004bda        0x2 
 .bss.sbus_rx_buf
                0x20004bdc       0x48 CMakeFiles/DBUS.elf.dir/application/remote_control.c.obj
 .bss.this_time_rx_len.0
                0x20004c24        0x2 CMakeFiles/DBUS.elf.dir/application/remote_control.c.obj
 *fill*         0x20004c26        0x2 
 .bss.fac_ms    0x20004c28        0x4 CMakeFiles/DBUS.elf.dir/bsp/bsp_delay.c.obj
 .bss.fac_us    0x20004c2c        0x1 CMakeFiles/DBUS.elf.dir/bsp/bsp_delay.c.obj
 *fill*         0x20004c2d        0x3 
 .bss.__lock___atexit_recursive_mutex
                0x20004c30        0x1 d:/clion/gcc-arm-none-eabi-10.3-2021.10/bin/../lib/gcc/arm-none-eabi/10.3.1/../../../../arm-none-eabi/lib/thumb/v7e-m+fp/hard\libg.a(lib_a-lock.o)
                0x20004c30                __lock___atexit_recursive_mutex
 *(COMMON)
                0x20004c34                . = ALIGN (0x4)
 *fill*         0x20004c31        0x3 
                0x20004c34                _ebss = .
                0x20004c34                __bss_end__ = _ebss

._user_heap_stack
                0x20004c34     0x4004
                0x20004c38                . = ALIGN (0x8)
 *fill*         0x20004c34        0x4 
                0x20004c38                PROVIDE (end = .)
                [!provide]                PROVIDE (_end = .)
                0x20006c38                . = (. + _Min_Heap_Size)
 *fill*         0x20004c38     0x2000 
                0x20008c38                . = (. + _Min_Stack_Size)
 *fill*         0x20006c38     0x2000 
                0x20008c38                . = ALIGN (0x8)

/DISCARD/
 libc.a(*)
 libm.a(*)
 libgcc.a(*)

.ARM.attributes
                0x00000000       0x30
 *(.ARM.attributes)
 .ARM.attributes
                0x00000000       0x1e d:/clion/gcc-arm-none-eabi-10.3-2021.10/bin/../lib/gcc/arm-none-eabi/10.3.1/thumb/v7e-m+fp/hard/crti.o
 .ARM.attributes
                0x0000001e       0x34 d:/clion/gcc-arm-none-eabi-10.3-2021.10/bin/../lib/gcc/arm-none-eabi/10.3.1/thumb/v7e-m+fp/hard/crtbegin.o
 .ARM.attributes
                0x00000052       0x34 CMakeFiles/DBUS.elf.dir/Drivers/STM32F4xx_HAL_Driver/Src/stm32f4xx_hal.c.obj
 .ARM.attributes
                0x00000086       0x34 CMakeFiles/DBUS.elf.dir/Drivers/STM32F4xx_HAL_Driver/Src/stm32f4xx_hal_can.c.obj
 .ARM.attributes
                0x000000ba       0x34 CMakeFiles/DBUS.elf.dir/Drivers/STM32F4xx_HAL_Driver/Src/stm32f4xx_hal_cortex.c.obj
 .ARM.attributes
                0x000000ee       0x34 CMakeFiles/DBUS.elf.dir/Drivers/STM32F4xx_HAL_Driver/Src/stm32f4xx_hal_dma.c.obj
 .ARM.attributes
                0x00000122       0x34 CMakeFiles/DBUS.elf.dir/Drivers/STM32F4xx_HAL_Driver/Src/stm32f4xx_hal_gpio.c.obj
 .ARM.attributes
                0x00000156       0x34 CMakeFiles/DBUS.elf.dir/Drivers/STM32F4xx_HAL_Driver/Src/stm32f4xx_hal_i2c.c.obj
 .ARM.attributes
                0x0000018a       0x34 CMakeFiles/DBUS.elf.dir/Drivers/STM32F4xx_HAL_Driver/Src/stm32f4xx_hal_rcc.c.obj
 .ARM.attributes
                0x000001be       0x34 CMakeFiles/DBUS.elf.dir/Drivers/STM32F4xx_HAL_Driver/Src/stm32f4xx_hal_spi.c.obj
 .ARM.attributes
                0x000001f2       0x34 CMakeFiles/DBUS.elf.dir/Drivers/STM32F4xx_HAL_Driver/Src/stm32f4xx_hal_tim.c.obj
 .ARM.attributes
                0x00000226       0x34 CMakeFiles/DBUS.elf.dir/Drivers/STM32F4xx_HAL_Driver/Src/stm32f4xx_hal_tim_ex.c.obj
 .ARM.attributes
                0x0000025a       0x34 CMakeFiles/DBUS.elf.dir/Drivers/STM32F4xx_HAL_Driver/Src/stm32f4xx_hal_uart.c.obj
 .ARM.attributes
                0x0000028e       0x34 CMakeFiles/DBUS.elf.dir/Middlewares/Third_Party/FreeRTOS/Source/CMSIS_RTOS/cmsis_os.c.obj
 .ARM.attributes
                0x000002c2       0x34 CMakeFiles/DBUS.elf.dir/Middlewares/Third_Party/FreeRTOS/Source/list.c.obj
 .ARM.attributes
                0x000002f6       0x34 CMakeFiles/DBUS.elf.dir/Middlewares/Third_Party/FreeRTOS/Source/portable/GCC/ARM_CM4F/port.c.obj
 .ARM.attributes
                0x0000032a       0x34 CMakeFiles/DBUS.elf.dir/Middlewares/Third_Party/FreeRTOS/Source/portable/MemMang/heap_4.c.obj
 .ARM.attributes
                0x0000035e       0x34 CMakeFiles/DBUS.elf.dir/Middlewares/Third_Party/FreeRTOS/Source/tasks.c.obj
 .ARM.attributes
                0x00000392       0x34 CMakeFiles/DBUS.elf.dir/Src/can.c.obj
 .ARM.attributes
                0x000003c6       0x34 CMakeFiles/DBUS.elf.dir/Src/dma.c.obj
 .ARM.attributes
                0x000003fa       0x34 CMakeFiles/DBUS.elf.dir/Src/freertos.c.obj
 .ARM.attributes
                0x0000042e       0x34 CMakeFiles/DBUS.elf.dir/Src/gpio.c.obj
 .ARM.attributes
                0x00000462       0x34 CMakeFiles/DBUS.elf.dir/Src/i2c.c.obj
 .ARM.attributes
                0x00000496       0x34 CMakeFiles/DBUS.elf.dir/Src/main.c.obj
 .ARM.attributes
                0x000004ca       0x34 CMakeFiles/DBUS.elf.dir/Src/spi.c.obj
 .ARM.attributes
                0x000004fe       0x34 CMakeFiles/DBUS.elf.dir/Src/stm32f4xx_hal_msp.c.obj
 .ARM.attributes
                0x00000532       0x34 CMakeFiles/DBUS.elf.dir/Src/stm32f4xx_hal_timebase_tim.c.obj
 .ARM.attributes
                0x00000566       0x34 CMakeFiles/DBUS.elf.dir/Src/stm32f4xx_it.c.obj
 .ARM.attributes
                0x0000059a       0x34 CMakeFiles/DBUS.elf.dir/Src/system_stm32f4xx.c.obj
 .ARM.attributes
                0x000005ce       0x34 CMakeFiles/DBUS.elf.dir/Src/tim.c.obj
 .ARM.attributes
                0x00000602       0x34 CMakeFiles/DBUS.elf.dir/Src/usart.c.obj
 .ARM.attributes
                0x00000636       0x34 CMakeFiles/DBUS.elf.dir/application/CAN_receive.c.obj
 .ARM.attributes
                0x0000066a       0x34 CMakeFiles/DBUS.elf.dir/application/INS_task.c.obj
 .ARM.attributes
                0x0000069e       0x34 CMakeFiles/DBUS.elf.dir/application/chassis_behaviour.c.obj
 .ARM.attributes
                0x000006d2       0x34 CMakeFiles/DBUS.elf.dir/application/chassis_task.c.obj
 .ARM.attributes
                0x00000706       0x34 CMakeFiles/DBUS.elf.dir/application/pid.c.obj
 .ARM.attributes
                0x0000073a       0x34 CMakeFiles/DBUS.elf.dir/application/remote_control.c.obj
 .ARM.attributes
                0x0000076e       0x34 CMakeFiles/DBUS.elf.dir/application/user_lib.c.obj
 .ARM.attributes
                0x000007a2       0x34 CMakeFiles/DBUS.elf.dir/bsp/BMI088Middleware.c.obj
 .ARM.attributes
                0x000007d6       0x34 CMakeFiles/DBUS.elf.dir/bsp/BMI088driver.c.obj
 .ARM.attributes
                0x0000080a       0x34 CMakeFiles/DBUS.elf.dir/bsp/bsp_can.c.obj
 .ARM.attributes
                0x0000083e       0x34 CMakeFiles/DBUS.elf.dir/bsp/bsp_delay.c.obj
 .ARM.attributes
                0x00000872       0x34 CMakeFiles/DBUS.elf.dir/bsp/bsp_imu_pwm.c.obj
 .ARM.attributes
                0x000008a6       0x34 CMakeFiles/DBUS.elf.dir/bsp/bsp_rc.c.obj
 .ARM.attributes
                0x000008da       0x34 CMakeFiles/DBUS.elf.dir/bsp/bsp_spi.c.obj
 .ARM.attributes
                0x0000090e       0x34 CMakeFiles/DBUS.elf.dir/bsp/ist8310driver.c.obj
 .ARM.attributes
                0x00000942       0x34 CMakeFiles/DBUS.elf.dir/bsp/ist8310driver_middleware.c.obj
 .ARM.attributes
                0x00000976       0x21 CMakeFiles/DBUS.elf.dir/startup/startup_stm32f407xx.s.obj
 .ARM.attributes
                0x00000997       0x1e d:/clion/gcc-arm-none-eabi-10.3-2021.10/bin/../lib/gcc/arm-none-eabi/10.3.1/thumb/v7e-m+fp/hard\libgcc.a(_aeabi_uldivmod.o)
 .ARM.attributes
                0x000009b5       0x34 d:/clion/gcc-arm-none-eabi-10.3-2021.10/bin/../lib/gcc/arm-none-eabi/10.3.1/thumb/v7e-m+fp/hard\libgcc.a(_udivmoddi4.o)
 .ARM.attributes
                0x000009e9       0x1e d:/clion/gcc-arm-none-eabi-10.3-2021.10/bin/../lib/gcc/arm-none-eabi/10.3.1/thumb/v7e-m+fp/hard\libgcc.a(_dvmd_tls.o)
 .ARM.attributes
                0x00000a07       0x34 d:/clion/gcc-arm-none-eabi-10.3-2021.10/bin/../lib/gcc/arm-none-eabi/10.3.1/../../../../arm-none-eabi/lib/thumb/v7e-m+fp/hard\libg.a(lib_a-impure.o)
 .ARM.attributes
                0x00000a3b       0x34 d:/clion/gcc-arm-none-eabi-10.3-2021.10/bin/../lib/gcc/arm-none-eabi/10.3.1/../../../../arm-none-eabi/lib/thumb/v7e-m+fp/hard\libg.a(lib_a-init.o)
 .ARM.attributes
                0x00000a6f       0x34 d:/clion/gcc-arm-none-eabi-10.3-2021.10/bin/../lib/gcc/arm-none-eabi/10.3.1/../../../../arm-none-eabi/lib/thumb/v7e-m+fp/hard\libg.a(lib_a-memset.o)
 .ARM.attributes
                0x00000aa3       0x1c d:/clion/gcc-arm-none-eabi-10.3-2021.10/bin/../lib/gcc/arm-none-eabi/10.3.1/../../../../arm-none-eabi/lib/thumb/v7e-m+fp/hard\libg.a(lib_a-strlen.o)
 .ARM.attributes
                0x00000abf       0x34 d:/clion/gcc-arm-none-eabi-10.3-2021.10/bin/../lib/gcc/arm-none-eabi/10.3.1/../../../../arm-none-eabi/lib/thumb/v7e-m+fp/hard\libg.a(lib_a-__call_atexit.o)
 .ARM.attributes
                0x00000af3       0x34 d:/clion/gcc-arm-none-eabi-10.3-2021.10/bin/../lib/gcc/arm-none-eabi/10.3.1/../../../../arm-none-eabi/lib/thumb/v7e-m+fp/hard\libg.a(lib_a-atexit.o)
 .ARM.attributes
                0x00000b27       0x34 d:/clion/gcc-arm-none-eabi-10.3-2021.10/bin/../lib/gcc/arm-none-eabi/10.3.1/../../../../arm-none-eabi/lib/thumb/v7e-m+fp/hard\libg.a(lib_a-fini.o)
 .ARM.attributes
                0x00000b5b       0x34 d:/clion/gcc-arm-none-eabi-10.3-2021.10/bin/../lib/gcc/arm-none-eabi/10.3.1/../../../../arm-none-eabi/lib/thumb/v7e-m+fp/hard\libg.a(lib_a-lock.o)
 .ARM.attributes
                0x00000b8f       0x34 d:/clion/gcc-arm-none-eabi-10.3-2021.10/bin/../lib/gcc/arm-none-eabi/10.3.1/../../../../arm-none-eabi/lib/thumb/v7e-m+fp/hard\libg.a(lib_a-__atexit.o)
 .ARM.attributes
                0x00000bc3       0x1e d:/clion/gcc-arm-none-eabi-10.3-2021.10/bin/../lib/gcc/arm-none-eabi/10.3.1/thumb/v7e-m+fp/hard/crtn.o
OUTPUT(DBUS.elf elf32-littlearm)
LOAD linker stubs
LOAD d:/clion/gcc-arm-none-eabi-10.3-2021.10/bin/../lib/gcc/arm-none-eabi/10.3.1/../../../../arm-none-eabi/lib/thumb/v7e-m+fp/hard\libc.a
LOAD d:/clion/gcc-arm-none-eabi-10.3-2021.10/bin/../lib/gcc/arm-none-eabi/10.3.1/../../../../arm-none-eabi/lib/thumb/v7e-m+fp/hard\libm.a
LOAD d:/clion/gcc-arm-none-eabi-10.3-2021.10/bin/../lib/gcc/arm-none-eabi/10.3.1/thumb/v7e-m+fp/hard\libgcc.a

.debug_info     0x00000000    0x27131
 .debug_info    0x00000000      0x9f0 CMakeFiles/DBUS.elf.dir/Drivers/STM32F4xx_HAL_Driver/Src/stm32f4xx_hal.c.obj
 .debug_info    0x000009f0     0x126a CMakeFiles/DBUS.elf.dir/Drivers/STM32F4xx_HAL_Driver/Src/stm32f4xx_hal_can.c.obj
 .debug_info    0x00001c5a     0x1098 CMakeFiles/DBUS.elf.dir/Drivers/STM32F4xx_HAL_Driver/Src/stm32f4xx_hal_cortex.c.obj
 .debug_info    0x00002cf2      0xb3f CMakeFiles/DBUS.elf.dir/Drivers/STM32F4xx_HAL_Driver/Src/stm32f4xx_hal_dma.c.obj
 .debug_info    0x00003831      0x79b CMakeFiles/DBUS.elf.dir/Drivers/STM32F4xx_HAL_Driver/Src/stm32f4xx_hal_gpio.c.obj
 .debug_info    0x00003fcc     0x384b CMakeFiles/DBUS.elf.dir/Drivers/STM32F4xx_HAL_Driver/Src/stm32f4xx_hal_i2c.c.obj
 .debug_info    0x00007817      0xb03 CMakeFiles/DBUS.elf.dir/Drivers/STM32F4xx_HAL_Driver/Src/stm32f4xx_hal_rcc.c.obj
 .debug_info    0x0000831a     0x1e35 CMakeFiles/DBUS.elf.dir/Drivers/STM32F4xx_HAL_Driver/Src/stm32f4xx_hal_spi.c.obj
 .debug_info    0x0000a14f     0x35d9 CMakeFiles/DBUS.elf.dir/Drivers/STM32F4xx_HAL_Driver/Src/stm32f4xx_hal_tim.c.obj
 .debug_info    0x0000d728     0x160b CMakeFiles/DBUS.elf.dir/Drivers/STM32F4xx_HAL_Driver/Src/stm32f4xx_hal_tim_ex.c.obj
 .debug_info    0x0000ed33     0x1906 CMakeFiles/DBUS.elf.dir/Drivers/STM32F4xx_HAL_Driver/Src/stm32f4xx_hal_uart.c.obj
 .debug_info    0x00010639     0x2393 CMakeFiles/DBUS.elf.dir/Middlewares/Third_Party/FreeRTOS/Source/CMSIS_RTOS/cmsis_os.c.obj
 .debug_info    0x000129cc      0x2e0 CMakeFiles/DBUS.elf.dir/Middlewares/Third_Party/FreeRTOS/Source/list.c.obj
 .debug_info    0x00012cac      0x587 CMakeFiles/DBUS.elf.dir/Middlewares/Third_Party/FreeRTOS/Source/portable/GCC/ARM_CM4F/port.c.obj
 .debug_info    0x00013233      0x471 CMakeFiles/DBUS.elf.dir/Middlewares/Third_Party/FreeRTOS/Source/portable/MemMang/heap_4.c.obj
 .debug_info    0x000136a4     0x2daf CMakeFiles/DBUS.elf.dir/Middlewares/Third_Party/FreeRTOS/Source/tasks.c.obj
 .debug_info    0x00016453      0xcb4 CMakeFiles/DBUS.elf.dir/Src/can.c.obj
 .debug_info    0x00017107      0x57e CMakeFiles/DBUS.elf.dir/Src/dma.c.obj
 .debug_info    0x00017685      0x4ee CMakeFiles/DBUS.elf.dir/Src/freertos.c.obj
 .debug_info    0x00017b73      0x8ba CMakeFiles/DBUS.elf.dir/Src/gpio.c.obj
 .debug_info    0x0001842d      0xa98 CMakeFiles/DBUS.elf.dir/Src/i2c.c.obj
 .debug_info    0x00018ec5      0xbd5 CMakeFiles/DBUS.elf.dir/Src/main.c.obj
 .debug_info    0x00019a9a      0xb06 CMakeFiles/DBUS.elf.dir/Src/spi.c.obj
 .debug_info    0x0001a5a0      0x4f8 CMakeFiles/DBUS.elf.dir/Src/stm32f4xx_hal_msp.c.obj
 .debug_info    0x0001aa98      0xbb9 CMakeFiles/DBUS.elf.dir/Src/stm32f4xx_hal_timebase_tim.c.obj
 .debug_info    0x0001b651      0xb55 CMakeFiles/DBUS.elf.dir/Src/stm32f4xx_it.c.obj
 .debug_info    0x0001c1a6      0x538 CMakeFiles/DBUS.elf.dir/Src/system_stm32f4xx.c.obj
 .debug_info    0x0001c6de     0x1163 CMakeFiles/DBUS.elf.dir/Src/tim.c.obj
 .debug_info    0x0001d841      0xc91 CMakeFiles/DBUS.elf.dir/Src/usart.c.obj
 .debug_info    0x0001e4d2      0x971 CMakeFiles/DBUS.elf.dir/application/CAN_receive.c.obj
 .debug_info    0x0001ee43     0x14b2 CMakeFiles/DBUS.elf.dir/application/INS_task.c.obj
 .debug_info    0x000202f5      0x984 CMakeFiles/DBUS.elf.dir/application/chassis_behaviour.c.obj
 .debug_info    0x00020c79      0xd39 CMakeFiles/DBUS.elf.dir/application/chassis_task.c.obj
 .debug_info    0x000219b2      0x28f CMakeFiles/DBUS.elf.dir/application/pid.c.obj
 .debug_info    0x00021c41      0x8fa CMakeFiles/DBUS.elf.dir/application/remote_control.c.obj
 .debug_info    0x0002253b      0x4f8 CMakeFiles/DBUS.elf.dir/application/user_lib.c.obj
 .debug_info    0x00022a33      0x89f CMakeFiles/DBUS.elf.dir/bsp/BMI088Middleware.c.obj
 .debug_info    0x000232d2     0x15a2 CMakeFiles/DBUS.elf.dir/bsp/BMI088driver.c.obj
 .debug_info    0x00024874      0x602 CMakeFiles/DBUS.elf.dir/bsp/bsp_can.c.obj
 .debug_info    0x00024e76      0x283 CMakeFiles/DBUS.elf.dir/bsp/bsp_delay.c.obj
 .debug_info    0x000250f9      0x5fd CMakeFiles/DBUS.elf.dir/bsp/bsp_imu_pwm.c.obj
 .debug_info    0x000256f6      0x5f7 CMakeFiles/DBUS.elf.dir/bsp/bsp_rc.c.obj
 .debug_info    0x00025ced      0x6d7 CMakeFiles/DBUS.elf.dir/bsp/bsp_spi.c.obj
 .debug_info    0x000263c4      0x386 CMakeFiles/DBUS.elf.dir/bsp/ist8310driver.c.obj
 .debug_info    0x0002674a      0x9c5 CMakeFiles/DBUS.elf.dir/bsp/ist8310driver_middleware.c.obj
 .debug_info    0x0002710f       0x22 CMakeFiles/DBUS.elf.dir/startup/startup_stm32f407xx.s.obj
